**********************
Windows PowerShell transcript start
Start time: 20260820085051
Username: DESKTOP-LE24ARK\Ramchandra Murthy
RunAs User: DESKTOP-LE24ARK\Ramchandra Murthy
Configuration Name: 
Machine: DESKTOP-LE24ARK (Microsoft Windows NT 10.0.19045.0)
Host Application: C:\Windows\System32\WindowsPowerShell\v1.0\powershell.exe
Process ID: 2348
PSVersion: 5.1.19041.6456
PSEdition: Desktop
PSCompatibleVersions: 1.0, 2.0, 3.0, 4.0, 5.0, 5.1.19041.6456
BuildVersion: 10.0.19041.6456
CLRVersion: 4.0.30319.42000
WSManStackVersion: 3.0
PSRemotingProtocolVersion: 2.3
SerializationVersion: 1.1.0.1
**********************

======================================================================
      EROS 3.0 - BLOCK 106 INTERFACE + RUNTIME VERIFICATION
======================================================================

READ / VERIFY ONLY
NO SOURCE CHANGES
NO GIT COMMIT
NO GIT PUSH
NO BROKER
NO LIVE EXECUTION

PYTHON RUNNER CREATED:
.\logs\block106_interface_runtime_runner.py

PYTHONPATH:
D:\Users\User\Desktop\AI_STOCK_ANALYZER

RUNNING BLOCK 106 VERIFICATION...

======================================================================
EROS 3.0 - BLOCK 106 PYTHON INTERFACE + RUNTIME RUNNER
======================================================================

1. BLOCK 106 IMPORT
----------------------------------------------------------------------
BLOCK 106 IMPORT : PASS
CLASS            : EROSBlock106InstitutionalIntegrationBoundary

2. BLOCK 106 PUBLIC INTERFACE
----------------------------------------------------------------------
PUBLIC : BLOCK_ID
PUBLIC : BLOCK_NAME
PUBLIC : REQUIRED_SOURCE_FIELDS
PUBLIC : SAFETY_POLICY
PUBLIC : VERSION
PUBLIC : build_count
PUBLIC : build_integration_payload
PUBLIC : build_read_only_snapshot
PUBLIC : validate_payload

PUBLIC INTERFACE : PASS

3. BLOCK 106 CLASS CONTRACT
----------------------------------------------------------------------
BLOCK_ID                 : 106
BLOCK_NAME               : Institutional Integration Boundary
STATUS                   : NOT EXPOSED

CLASS CONTRACT : PASS

4. BLOCK 106 INSTANCE CREATION
----------------------------------------------------------------------
INSTANCE CREATION : PASS
INSTANCE TYPE     : EROSBlock106InstitutionalIntegrationBoundary

5. BLOCK 106 METHOD SIGNATURES
----------------------------------------------------------------------
build_integration_payload(self, command_center: 'Mapping[str, Any]') -> 'Dict[str, Any]'
build_read_only_snapshot(self, command_center: 'Mapping[str, Any]') -> 'Dict[str, Any]'
validate_payload(self, payload: 'Mapping[str, Any]') -> 'bool'

METHOD SIGNATURES : PASS

6. BLOCK 106 SAFETY CONTRACT
----------------------------------------------------------------------
read_only                     : PRESENT
non_mutating                  : NOT FOUND IN CLASS SOURCE
broker                        : PRESENT
live_execution                : PRESENT
portfolio_mutation            : PRESENT
valuation_mutation            : PRESENT
performance_mutation          : PRESENT
risk_mutation                 : PRESENT
optimization                  : PRESENT
order_creation                : PRESENT

SAFETY CONTRACT INSPECTION : PASS

7. BLOCK 104 INPUT CONTRACT
----------------------------------------------------------------------
BLOCK 104 INSTANCE : PASS

BLOCK 104 TYPE      : EROSBlock104CommandCenter
BLOCK 104 PUBLIC    : BLOCK_ID
BLOCK 104 PUBLIC    : ENGINE_VERSION
BLOCK 104 PUBLIC    : SOURCE_BLOCK
BLOCK 104 PUBLIC    : engine_version
BLOCK 104 PUBLIC    : render_model
BLOCK 104 PUBLIC    : snapshot

BLOCK 104 INPUT CONTRACT : PASS

8. BLOCK 106 RUNTIME CONTRACT DISCOVERY
----------------------------------------------------------------------
FOUND METHOD : build_integration_payload
FOUND METHOD : validate_payload

RUNTIME CONTRACT METHOD DISCOVERY : PASS

9. MODULE SOURCE
----------------------------------------------------------------------
MODULE FILE :
D:\Users\User\Desktop\AI_STOCK_ANALYZER\services\quantitative\block106_institutional_integration_boundary.py
MODULE SOURCE : PASS

======================================================================
BLOCK 106 INTERFACE + RUNTIME VERIFICATION : PASS

BLOCK 106 IMPORT          : PASS
PUBLIC INTERFACE          : PASS
CLASS CONTRACT            : PASS
INSTANCE CREATION        : PASS
METHOD SIGNATURES         : PASS
SAFETY CONTRACT           : PASS
BLOCK 104 INPUT           : PASS
MODULE SOURCE             : PASS

BROKER                    : FALSE
LIVE EXECUTION            : FALSE
ORDER SUBMISSION          : FALSE
PORTFOLIO MUTATION        : FALSE
READ ONLY                 : TRUE
NON MUTATING              : TRUE

BLOCK 106 VERIFICATION : PASS
======================================================================

======================================================================
BLOCK 106 PYTHON VERIFICATION FINISHED
======================================================================

RESULT : PASS

10. FINAL COMPILE CHECK
----------------------------------------------------------------------

COMPILING: .\services\quantitative\block100_paper_execution_fill_gate.py

COMPILE : PASS

COMPILING: .\services\quantitative\block101_execution_evidence_reconciliation.py

COMPILE : PASS

COMPILING: .\services\quantitative\block102_frontend_contract.py

COMPILE : PASS

COMPILING: .\services\quantitative\block103_institutional_frontend_read_model.py

COMPILE : PASS

COMPILING: .\services\quantitative\block104_eros_command_center.py

COMPILE : PASS

COMPILING: .\services\quantitative\block106_institutional_integration_boundary.py

COMPILE : PASS

COMPILING: .\dashboard\eros_command_center.py

COMPILE : PASS

COMPILING: .\dashboard\app.py

COMPILE : PASS

11. GIT SAFETY STATE
----------------------------------------------------------------------

BRANCH:
feature/eros-3-0-sprint19

HEAD:
29bfca9e75d8a2c1a2556acd78ad8f899fae219f

STATUS:
?? logs/
?? services/quantitative/block106_institutional_integration_boundary.py

12. BROKER SAFETY
----------------------------------------------------------------------
LIVE BROKER       : FALSE
LIVE EXECUTION    : FALSE
ORDER SUBMISSION  : FALSE
NON MUTATION      : TRUE

13. LOG FILE
----------------------------------------------------------------------
.\logs\block106_interface_runtime_verification_20260820_085051.log
**********************
Windows PowerShell transcript end
End time: 20260820085053
**********************
