
======================================================================
EROS 3.0 - BLOCK 106 ACTUAL CONTRACT DIAGNOSTIC RESULT
======================================================================

PYTHON EXIT CODE:
0

======================================================================
PYTHON OUTPUT
======================================================================


======================================================================
EROS 3.0 - BLOCK 106 ACTUAL CONTRACT DIAGNOSTIC
======================================================================
PYTHON EXECUTABLE:
C:\Users\Ramchandra Murthy\AppData\Local\Programs\Python\Python313\python.exe

PYTHON VERSION:
3.13.14 (tags/v3.13.14:fd17997, Jun 10 2026, 13:03:48) [MSC v.1944 64 bit (AMD64)]

PROJECT ROOT:
D:\Users\User\Desktop\AI_STOCK_ANALYZER

======================================================================
1. IMPORT CONTRACT LAYERS
======================================================================
BLOCK 102 IMPORT : PASS
BLOCK 103 IMPORT : PASS
BLOCK 104 IMPORT : PASS
BLOCK 106 IMPORT : PASS

======================================================================
2. ACTUAL RUNTIME SIGNATURES
======================================================================
BLOCK 102 BUILD:
(self, *, block94: 'Mapping[str, Any] | None' = None, block95: 'Mapping[str, Any] | None' = None, block96: 'Mapping[str, Any] | None' = None, block97: 'Mapping[str, Any] | None' = None, block98: 'Mapping[str, Any] | None' = None, block99: 'Mapping[str, Any] | None' = None, block100: 'Mapping[str, Any] | None' = None, block101: 'Mapping[str, Any] | None' = None) -> 'Dict[str, Any]'

BLOCK 102 SNAPSHOT:
(self, **kwargs: 'Any') -> 'Dict[str, Any]'

BLOCK 103 BUILD:
(self, *, contract: 'Mapping[str, Any]') -> 'Dict[str, Any]'

BLOCK 103 SNAPSHOT:
(self, *, contract: 'Mapping[str, Any]') -> 'Dict[str, Any]'

BLOCK 104 SNAPSHOT:
(self, *, read_model: 'Mapping[str, Any]') -> 'Dict[str, Any]'

BLOCK 106 BUILD:
(self, command_center: 'Mapping[str, Any]') -> 'Dict[str, Any]'

BLOCK 106 SNAPSHOT:
(self, command_center: 'Mapping[str, Any]') -> 'Dict[str, Any]'

BLOCK 106 VALIDATE:
(self, payload: 'Mapping[str, Any]') -> 'bool'

======================================================================
3. BUILD REAL BLOCK 94 -> 101 INPUTS
======================================================================
BLOCK 94 : READY
BLOCK 95 : READY
BLOCK 96 : READY
BLOCK 97 : READY
BLOCK 98 : READY
BLOCK 99 : READY
BLOCK 100: READY
BLOCK 101: READY

======================================================================
4. BUILD ACTUAL BLOCK 102
======================================================================
BLOCK 102 INSTANCE:
<class 'services.quantitative.block102_frontend_contract.EROSBlock102FrontendContract'>

--- BLOCK 102 ACTUAL OUTPUT TYPE ---
<class 'dict'>
--- BLOCK 102 ACTUAL OUTPUT KEYS ---
'status'
'block_id'
'engine_version'
'created_at'
'pipeline_status'
'risk'
'governance'
'intent'
'execution'
'reconciliation'
'lineage'
'safety'

--- BLOCK 102 ACTUAL OUTPUT COMPLETE REPRESENTATION ---
{'status': 'CERTIFIED',
 'block_id': '102',
 'engine_version': 'EROS-3.0-BLOCK-102',
 'created_at': '2026-08-20T03:49:23.227562+00:00',
 'pipeline_status': [{'block_id': '94',
                      'name': 'Stress Scenario Engine',
                      'status': 'CERTIFIED',
                      'source_block': None,
                      'identifier': None,
                      'execution_blocked': True},
                     {'block_id': '95',
                      'name': 'Stress Evidence Gate',
                      'status': 'CERTIFIED',
                      'source_block': 94,
                      'identifier': None,
                      'execution_blocked': True},
                     {'block_id': '96',
                      'name': 'Stress Decision Gate',
                      'status': 'CERTIFIED',
                      'source_block': 95,
                      'identifier': None,
                      'execution_blocked': True},
                     {'block_id': '97',
                      'name': 'Stress Readiness Gate',
                      'status': 'CERTIFIED',
                      'source_block': 96,
                      'identifier': None,
                      'execution_blocked': True},
                     {'block_id': '98',
                      'name': 'Execution Governance Bridge',
                      'status': 'APPROVED',
                      'source_block': 97,
                      'identifier': None,
                      'execution_blocked': True},
                     {'block_id': '99',
                      'name': 'Execution Intent Authorization',
                      'status': 'CERTIFIED',
                      'source_block': 98,
                      'identifier': None,
                      'execution_blocked': True},
                     {'block_id': '100',
                      'name': 'Paper Execution / Fill Validation',
                      'status': 'CERTIFIED',
                      'source_block': 99,
                      'identifier': None,
                      'execution_blocked': True},
                     {'block_id': '101',
                      'name': 'Execution Evidence Reconciliation',
                      'status': 'CERTIFIED',
                      'source_block': 100,
                      'identifier': None,
                      'execution_blocked': True}],
 'risk': {'stress_status': 'CERTIFIED',
          'evidence_status': 'CERTIFIED',
          'decision_status': 'CERTIFIED',
          'readiness_status': 'CERTIFIED',
          'scenario_count': None,
          'downside_pnl': None,
          'upside_pnl': None},
 'governance': {'status': 'APPROVED',
                'governance_id': None,
                'execution_action': None,
                'source_readiness_id': None,
                'source_decision_id': None,
                'source_gate_id': None,
                'source_certificate_id': None},
 'intent': {'status': 'CERTIFIED',
            'intent_id': None,
            'intent_action': None,
            'authorization_status': None,
            'symbol': None,
            'action': None,
            'quantity': None,
            'reference_price': None},
 'execution': {'status': 'SIMULATED',
               'execution_id': None,
               'symbol': 'RELIANCE.NS',
               'action': 'BUY',
               'requested_quantity': 100.0,
               'filled_quantity': 100.0,
               'reference_price': 2500.0,
               'fill_price': 2501.25,
               'fill_status': 'FILLED',
               'slippage_bps': 5.0,
               'transaction_cost': 250.125,
               'net_value': None},
 'reconciliation': {'status': 'CERTIFIED',
                    'reconciliation_id': None,
                    'source_execution_id': None,
                    'quantity_reconciled': True,
                    'price_reconciled': True,
                    'value_reconciled': True,
                    'cost_reconciled': True,
                    'lineage_reconciled': True},
 'lineage': {'block94': None, 'block95': None, 'block96': None, 'block97': None, 'block98': None, 'block99': None, 'block100': None, 'block101': None},
 'safety': {'portfolio_mutation': False,
            'valuation_mutation': False,
            'performance_mutation': False,
            'risk_mutation': False,
            'optimization': False,
            'order_creation': False,
            'broker_submission': False,
            'live_order_submission': False,
            'execution_blocked': True,
            'non_mutation_invariant': True}}

--- BLOCK 102 ACTUAL OUTPUT JSON ---
{
  "status": "CERTIFIED",
  "block_id": "102",
  "engine_version": "EROS-3.0-BLOCK-102",
  "created_at": "2026-08-20T03:49:23.227562+00:00",
  "pipeline_status": [
    {
      "block_id": "94",
      "name": "Stress Scenario Engine",
      "status": "CERTIFIED",
      "source_block": null,
      "identifier": null,
      "execution_blocked": true
    },
    {
      "block_id": "95",
      "name": "Stress Evidence Gate",
      "status": "CERTIFIED",
      "source_block": 94,
      "identifier": null,
      "execution_blocked": true
    },
    {
      "block_id": "96",
      "name": "Stress Decision Gate",
      "status": "CERTIFIED",
      "source_block": 95,
      "identifier": null,
      "execution_blocked": true
    },
    {
      "block_id": "97",
      "name": "Stress Readiness Gate",
      "status": "CERTIFIED",
      "source_block": 96,
      "identifier": null,
      "execution_blocked": true
    },
    {
      "block_id": "98",
      "name": "Execution Governance Bridge",
      "status": "APPROVED",
      "source_block": 97,
      "identifier": null,
      "execution_blocked": true
    },
    {
      "block_id": "99",
      "name": "Execution Intent Authorization",
      "status": "CERTIFIED",
      "source_block": 98,
      "identifier": null,
      "execution_blocked": true
    },
    {
      "block_id": "100",
      "name": "Paper Execution / Fill Validation",
      "status": "CERTIFIED",
      "source_block": 99,
      "identifier": null,
      "execution_blocked": true
    },
    {
      "block_id": "101",
      "name": "Execution Evidence Reconciliation",
      "status": "CERTIFIED",
      "source_block": 100,
      "identifier": null,
      "execution_blocked": true
    }
  ],
  "risk": {
    "stress_status": "CERTIFIED",
    "evidence_status": "CERTIFIED",
    "decision_status": "CERTIFIED",
    "readiness_status": "CERTIFIED",
    "scenario_count": null,
    "downside_pnl": null,
    "upside_pnl": null
  },
  "governance": {
    "status": "APPROVED",
    "governance_id": null,
    "execution_action": null,
    "source_readiness_id": null,
    "source_decision_id": null,
    "source_gate_id": null,
    "source_certificate_id": null
  },
  "intent": {
    "status": "CERTIFIED",
    "intent_id": null,
    "intent_action": null,
    "authorization_status": null,
    "symbol": null,
    "action": null,
    "quantity": null,
    "reference_price": null
  },
  "execution": {
    "status": "SIMULATED",
    "execution_id": null,
    "symbol": "RELIANCE.NS",
    "action": "BUY",
    "requested_quantity": 100.0,
    "filled_quantity": 100.0,
    "reference_price": 2500.0,
    "fill_price": 2501.25,
    "fill_status": "FILLED",
    "slippage_bps": 5.0,
    "transaction_cost": 250.125,
    "net_value": null
  },
  "reconciliation": {
    "status": "CERTIFIED",
    "reconciliation_id": null,
    "source_execution_id": null,
    "quantity_reconciled": true,
    "price_reconciled": true,
    "value_reconciled": true,
    "cost_reconciled": true,
    "lineage_reconciled": true
  },
  "lineage": {
    "block94": null,
    "block95": null,
    "block96": null,
    "block97": null,
    "block98": null,
    "block99": null,
    "block100": null,
    "block101": null
  },
  "safety": {
    "portfolio_mutation": false,
    "valuation_mutation": false,
    "performance_mutation": false,
    "risk_mutation": false,
    "optimization": false,
    "order_creation": false,
    "broker_submission": false,
    "live_order_submission": false,
    "execution_blocked": true,
    "non_mutation_invariant": true
  }
}

BLOCK 102 OUTPUT BLOCK_ID:
'102'

BLOCK 102 OUTPUT STATUS:
'CERTIFIED'

======================================================================
5. FEED ACTUAL BLOCK 102 OUTPUT INTO BLOCK 103
======================================================================
BLOCK 103 INSTANCE:
<class 'services.quantitative.block103_institutional_frontend_read_model.EROSBlock103InstitutionalFrontendReadModel'>

CALL:
block103.build(contract=frontend_contract)

BLOCK 103 BUILD : PASS

--- BLOCK 103 ACTUAL OUTPUT TYPE ---
<class 'dict'>
--- BLOCK 103 ACTUAL OUTPUT KEYS ---
'status'
'block_id'
'engine_version'
'dashboard'
'pipeline'
'risk'
'governance'
'intent'
'execution'
'reconciliation'
'lineage'
'safety'

--- BLOCK 103 ACTUAL OUTPUT COMPLETE REPRESENTATION ---
{'status': 'CERTIFIED',
 'block_id': '103',
 'engine_version': 'EROS-3.0-BLOCK-103',
 'dashboard': {'title': 'EROS 3.0 Institutional Command Center', 'subtitle': 'Read-only governance, execution and reconciliation view'},
 'pipeline': [{'block_id': '94', 'name': 'Stress Scenario Engine', 'status': 'CERTIFIED', 'identifier': None, 'source_block': None, 'execution_blocked': True},
              {'block_id': '95', 'name': 'Stress Evidence Gate', 'status': 'CERTIFIED', 'identifier': None, 'source_block': 94, 'execution_blocked': True},
              {'block_id': '96', 'name': 'Stress Decision Gate', 'status': 'CERTIFIED', 'identifier': None, 'source_block': 95, 'execution_blocked': True},
              {'block_id': '97', 'name': 'Stress Readiness Gate', 'status': 'CERTIFIED', 'identifier': None, 'source_block': 96, 'execution_blocked': True},
              {'block_id': '98',
               'name': 'Execution Governance Bridge',
               'status': 'APPROVED',
               'identifier': None,
               'source_block': 97,
               'execution_blocked': True},
              {'block_id': '99',
               'name': 'Execution Intent Authorization',
               'status': 'CERTIFIED',
               'identifier': None,
               'source_block': 98,
               'execution_blocked': True},
              {'block_id': '100',
               'name': 'Paper Execution / Fill Validation',
               'status': 'CERTIFIED',
               'identifier': None,
               'source_block': 99,
               'execution_blocked': True},
              {'block_id': '101',
               'name': 'Execution Evidence Reconciliation',
               'status': 'CERTIFIED',
               'identifier': None,
               'source_block': 100,
               'execution_blocked': True}],
 'risk': {'stress_status': 'CERTIFIED',
          'evidence_status': 'CERTIFIED',
          'decision_status': 'CERTIFIED',
          'readiness_status': 'CERTIFIED',
          'scenario_count': None,
          'downside_pnl': None,
          'upside_pnl': None},
 'governance': {'status': 'APPROVED',
                'governance_id': None,
                'execution_action': None,
                'source_readiness_id': None,
                'source_decision_id': None,
                'source_gate_id': None,
                'source_certificate_id': None},
 'intent': {'status': 'CERTIFIED',
            'intent_id': None,
            'intent_action': None,
            'authorization_status': None,
            'symbol': None,
            'action': None,
            'quantity': None,
            'reference_price': None},
 'execution': {'status': 'SIMULATED',
               'execution_id': None,
               'symbol': 'RELIANCE.NS',
               'action': 'BUY',
               'requested_quantity': 100.0,
               'filled_quantity': 100.0,
               'reference_price': 2500.0,
               'fill_price': 2501.25,
               'fill_status': 'FILLED',
               'slippage_bps': 5.0,
               'transaction_cost': 250.125,
               'net_value': None},
 'reconciliation': {'status': 'CERTIFIED',
                    'reconciliation_id': None,
                    'source_execution_id': None,
                    'quantity_reconciled': True,
                    'price_reconciled': True,
                    'value_reconciled': True,
                    'cost_reconciled': True,
                    'lineage_reconciled': True},
 'lineage': {'block94': None, 'block95': None, 'block96': None, 'block97': None, 'block98': None, 'block99': None, 'block100': None, 'block101': None},
 'safety': {'portfolio_mutation': False,
            'valuation_mutation': False,
            'performance_mutation': False,
            'risk_mutation': False,
            'optimization': False,
            'order_creation': False,
            'broker_submission': False,
            'live_order_submission': False,
            'execution_blocked': True,
            'non_mutation_invariant': True}}

--- BLOCK 103 ACTUAL OUTPUT JSON ---
{
  "status": "CERTIFIED",
  "block_id": "103",
  "engine_version": "EROS-3.0-BLOCK-103",
  "dashboard": {
    "title": "EROS 3.0 Institutional Command Center",
    "subtitle": "Read-only governance, execution and reconciliation view"
  },
  "pipeline": [
    {
      "block_id": "94",
      "name": "Stress Scenario Engine",
      "status": "CERTIFIED",
      "identifier": null,
      "source_block": null,
      "execution_blocked": true
    },
    {
      "block_id": "95",
      "name": "Stress Evidence Gate",
      "status": "CERTIFIED",
      "identifier": null,
      "source_block": 94,
      "execution_blocked": true
    },
    {
      "block_id": "96",
      "name": "Stress Decision Gate",
      "status": "CERTIFIED",
      "identifier": null,
      "source_block": 95,
      "execution_blocked": true
    },
    {
      "block_id": "97",
      "name": "Stress Readiness Gate",
      "status": "CERTIFIED",
      "identifier": null,
      "source_block": 96,
      "execution_blocked": true
    },
    {
      "block_id": "98",
      "name": "Execution Governance Bridge",
      "status": "APPROVED",
      "identifier": null,
      "source_block": 97,
      "execution_blocked": true
    },
    {
      "block_id": "99",
      "name": "Execution Intent Authorization",
      "status": "CERTIFIED",
      "identifier": null,
      "source_block": 98,
      "execution_blocked": true
    },
    {
      "block_id": "100",
      "name": "Paper Execution / Fill Validation",
      "status": "CERTIFIED",
      "identifier": null,
      "source_block": 99,
      "execution_blocked": true
    },
    {
      "block_id": "101",
      "name": "Execution Evidence Reconciliation",
      "status": "CERTIFIED",
      "identifier": null,
      "source_block": 100,
      "execution_blocked": true
    }
  ],
  "risk": {
    "stress_status": "CERTIFIED",
    "evidence_status": "CERTIFIED",
    "decision_status": "CERTIFIED",
    "readiness_status": "CERTIFIED",
    "scenario_count": null,
    "downside_pnl": null,
    "upside_pnl": null
  },
  "governance": {
    "status": "APPROVED",
    "governance_id": null,
    "execution_action": null,
    "source_readiness_id": null,
    "source_decision_id": null,
    "source_gate_id": null,
    "source_certificate_id": null
  },
  "intent": {
    "status": "CERTIFIED",
    "intent_id": null,
    "intent_action": null,
    "authorization_status": null,
    "symbol": null,
    "action": null,
    "quantity": null,
    "reference_price": null
  },
  "execution": {
    "status": "SIMULATED",
    "execution_id": null,
    "symbol": "RELIANCE.NS",
    "action": "BUY",
    "requested_quantity": 100.0,
    "filled_quantity": 100.0,
    "reference_price": 2500.0,
    "fill_price": 2501.25,
    "fill_status": "FILLED",
    "slippage_bps": 5.0,
    "transaction_cost": 250.125,
    "net_value": null
  },
  "reconciliation": {
    "status": "CERTIFIED",
    "reconciliation_id": null,
    "source_execution_id": null,
    "quantity_reconciled": true,
    "price_reconciled": true,
    "value_reconciled": true,
    "cost_reconciled": true,
    "lineage_reconciled": true
  },
  "lineage": {
    "block94": null,
    "block95": null,
    "block96": null,
    "block97": null,
    "block98": null,
    "block99": null,
    "block100": null,
    "block101": null
  },
  "safety": {
    "portfolio_mutation": false,
    "valuation_mutation": false,
    "performance_mutation": false,
    "risk_mutation": false,
    "optimization": false,
    "order_creation": false,
    "broker_submission": false,
    "live_order_submission": false,
    "execution_blocked": true,
    "non_mutation_invariant": true
  }
}

***** BLOCK 103 ID DIAGNOSTIC *****
EXPECTED BLOCK 103 ID : 103
ACTUAL BLOCK 103 ID   : '103'
BLOCK 103 ID CHECK     : FAIL

STATUS:
'CERTIFIED'

ENGINE VERSION:
'EROS-3.0-BLOCK-103'

PIPELINE:
[{'block_id': '94', 'name': 'Stress Scenario Engine', 'status': 'CERTIFIED', 'identifier': None, 'source_block': None, 'execution_blocked': True},
 {'block_id': '95', 'name': 'Stress Evidence Gate', 'status': 'CERTIFIED', 'identifier': None, 'source_block': 94, 'execution_blocked': True},
 {'block_id': '96', 'name': 'Stress Decision Gate', 'status': 'CERTIFIED', 'identifier': None, 'source_block': 95, 'execution_blocked': True},
 {'block_id': '97', 'name': 'Stress Readiness Gate', 'status': 'CERTIFIED', 'identifier': None, 'source_block': 96, 'execution_blocked': True},
 {'block_id': '98', 'name': 'Execution Governance Bridge', 'status': 'APPROVED', 'identifier': None, 'source_block': 97, 'execution_blocked': True},
 {'block_id': '99', 'name': 'Execution Intent Authorization', 'status': 'CERTIFIED', 'identifier': None, 'source_block': 98, 'execution_blocked': True},
 {'block_id': '100', 'name': 'Paper Execution / Fill Validation', 'status': 'CERTIFIED', 'identifier': None, 'source_block': 99, 'execution_blocked': True},
 {'block_id': '101', 'name': 'Execution Evidence Reconciliation', 'status': 'CERTIFIED', 'identifier': None, 'source_block': 100, 'execution_blocked': True}]

GOVERNANCE:
{'status': 'APPROVED',
 'governance_id': None,
 'execution_action': None,
 'source_readiness_id': None,
 'source_decision_id': None,
 'source_gate_id': None,
 'source_certificate_id': None}

INTENT:
{'status': 'CERTIFIED',
 'intent_id': None,
 'intent_action': None,
 'authorization_status': None,
 'symbol': None,
 'action': None,
 'quantity': None,
 'reference_price': None}

EXECUTION:
{'status': 'SIMULATED',
 'execution_id': None,
 'symbol': 'RELIANCE.NS',
 'action': 'BUY',
 'requested_quantity': 100.0,
 'filled_quantity': 100.0,
 'reference_price': 2500.0,
 'fill_price': 2501.25,
 'fill_status': 'FILLED',
 'slippage_bps': 5.0,
 'transaction_cost': 250.125,
 'net_value': None}

RECONCILIATION:
{'status': 'CERTIFIED',
 'reconciliation_id': None,
 'source_execution_id': None,
 'quantity_reconciled': True,
 'price_reconciled': True,
 'value_reconciled': True,
 'cost_reconciled': True,
 'lineage_reconciled': True}

SAFETY:
{'portfolio_mutation': False,
 'valuation_mutation': False,
 'performance_mutation': False,
 'risk_mutation': False,
 'optimization': False,
 'order_creation': False,
 'broker_submission': False,
 'live_order_submission': False,
 'execution_blocked': True,
 'non_mutation_invariant': True}

======================================================================
6. BLOCK 103 INTERNAL CONSTANTS
======================================================================
BLOCK_ID:
'103'

ENGINE_VERSION:
'EROS-3.0-BLOCK-103'

REQUIRED_BLOCKS:
('94', '95', '96', '97', '98', '99', '100', '101')

======================================================================
7. BLOCK 104 COMMAND CENTER
======================================================================
BLOCK 104 INSTANCE:
<class 'services.quantitative.block104_eros_command_center.EROSBlock104CommandCenter'>

CALL:
block104.snapshot(read_model=read_model)

BLOCK 104 SNAPSHOT : PASS

--- BLOCK 104 ACTUAL OUTPUT TYPE ---
<class 'dict'>
--- BLOCK 104 ACTUAL OUTPUT KEYS ---
'status'
'block_id'
'engine_version'
'source_block'
'header'
'status_cards'
'pipeline'
'risk'
'governance'
'intent'
'execution'
'reconciliation'
'lineage'
'safety'
'ui_policy'

--- BLOCK 104 ACTUAL OUTPUT COMPLETE REPRESENTATION ---
{'status': 'CERTIFIED',
 'block_id': '104',
 'engine_version': 'EROS-3.0-BLOCK-104',
 'source_block': '103',
 'header': {'title': 'EROS 3.0 Institutional Command Center',
            'subtitle': 'Read-only governance, execution and reconciliation control view',
            'pipeline': '94 -> 103'},
 'status_cards': {'governance': 'APPROVED', 'intent': 'CERTIFIED', 'execution': 'SIMULATED', 'reconciliation': 'CERTIFIED'},
 'pipeline': [{'block_id': '94', 'name': 'Stress Scenario Engine', 'status': 'CERTIFIED', 'identifier': None, 'source_block': None, 'execution_blocked': True},
              {'block_id': '95', 'name': 'Stress Evidence Gate', 'status': 'CERTIFIED', 'identifier': None, 'source_block': 94, 'execution_blocked': True},
              {'block_id': '96', 'name': 'Stress Decision Gate', 'status': 'CERTIFIED', 'identifier': None, 'source_block': 95, 'execution_blocked': True},
              {'block_id': '97', 'name': 'Stress Readiness Gate', 'status': 'CERTIFIED', 'identifier': None, 'source_block': 96, 'execution_blocked': True},
              {'block_id': '98',
               'name': 'Execution Governance Bridge',
               'status': 'APPROVED',
               'identifier': None,
               'source_block': 97,
               'execution_blocked': True},
              {'block_id': '99',
               'name': 'Execution Intent Authorization',
               'status': 'CERTIFIED',
               'identifier': None,
               'source_block': 98,
               'execution_blocked': True},
              {'block_id': '100',
               'name': 'Paper Execution / Fill Validation',
               'status': 'CERTIFIED',
               'identifier': None,
               'source_block': 99,
               'execution_blocked': True},
              {'block_id': '101',
               'name': 'Execution Evidence Reconciliation',
               'status': 'CERTIFIED',
               'identifier': None,
               'source_block': 100,
               'execution_blocked': True}],
 'risk': {'stress_status': 'CERTIFIED',
          'evidence_status': 'CERTIFIED',
          'decision_status': 'CERTIFIED',
          'readiness_status': 'CERTIFIED',
          'scenario_count': None,
          'downside_pnl': None,
          'upside_pnl': None},
 'governance': {'status': 'APPROVED',
                'governance_id': None,
                'execution_action': None,
                'source_readiness_id': None,
                'source_decision_id': None,
                'source_gate_id': None,
                'source_certificate_id': None},
 'intent': {'status': 'CERTIFIED',
            'intent_id': None,
            'intent_action': None,
            'authorization_status': None,
            'symbol': None,
            'action': None,
            'quantity': None,
            'reference_price': None},
 'execution': {'status': 'SIMULATED',
               'execution_id': None,
               'symbol': 'RELIANCE.NS',
               'action': 'BUY',
               'requested_quantity': 100.0,
               'filled_quantity': 100.0,
               'reference_price': 2500.0,
               'fill_price': 2501.25,
               'fill_status': 'FILLED',
               'slippage_bps': 5.0,
               'transaction_cost': 250.125,
               'net_value': None},
 'reconciliation': {'status': 'CERTIFIED',
                    'reconciliation_id': None,
                    'source_execution_id': None,
                    'quantity_reconciled': True,
                    'price_reconciled': True,
                    'value_reconciled': True,
                    'cost_reconciled': True,
                    'lineage_reconciled': True},
 'lineage': {'block94': None, 'block95': None, 'block96': None, 'block97': None, 'block98': None, 'block99': None, 'block100': None, 'block101': None},
 'safety': {'portfolio_mutation': False,
            'valuation_mutation': False,
            'performance_mutation': False,
            'risk_mutation': False,
            'optimization': False,
            'order_creation': False,
            'broker_submission': False,
            'live_order_submission': False,
            'execution_blocked': True,
            'non_mutation_invariant': True},
 'ui_policy': {'read_only': True,
               'allow_order_creation': False,
               'allow_broker_submission': False,
               'allow_live_execution': False,
               'allow_portfolio_mutation': False,
               'allow_valuation_mutation': False,
               'allow_performance_mutation': False,
               'allow_risk_mutation': False,
               'allow_optimization': False}}

--- BLOCK 104 ACTUAL OUTPUT JSON ---
{
  "status": "CERTIFIED",
  "block_id": "104",
  "engine_version": "EROS-3.0-BLOCK-104",
  "source_block": "103",
  "header": {
    "title": "EROS 3.0 Institutional Command Center",
    "subtitle": "Read-only governance, execution and reconciliation control view",
    "pipeline": "94 -> 103"
  },
  "status_cards": {
    "governance": "APPROVED",
    "intent": "CERTIFIED",
    "execution": "SIMULATED",
    "reconciliation": "CERTIFIED"
  },
  "pipeline": [
    {
      "block_id": "94",
      "name": "Stress Scenario Engine",
      "status": "CERTIFIED",
      "identifier": null,
      "source_block": null,
      "execution_blocked": true
    },
    {
      "block_id": "95",
      "name": "Stress Evidence Gate",
      "status": "CERTIFIED",
      "identifier": null,
      "source_block": 94,
      "execution_blocked": true
    },
    {
      "block_id": "96",
      "name": "Stress Decision Gate",
      "status": "CERTIFIED",
      "identifier": null,
      "source_block": 95,
      "execution_blocked": true
    },
    {
      "block_id": "97",
      "name": "Stress Readiness Gate",
      "status": "CERTIFIED",
      "identifier": null,
      "source_block": 96,
      "execution_blocked": true
    },
    {
      "block_id": "98",
      "name": "Execution Governance Bridge",
      "status": "APPROVED",
      "identifier": null,
      "source_block": 97,
      "execution_blocked": true
    },
    {
      "block_id": "99",
      "name": "Execution Intent Authorization",
      "status": "CERTIFIED",
      "identifier": null,
      "source_block": 98,
      "execution_blocked": true
    },
    {
      "block_id": "100",
      "name": "Paper Execution / Fill Validation",
      "status": "CERTIFIED",
      "identifier": null,
      "source_block": 99,
      "execution_blocked": true
    },
    {
      "block_id": "101",
      "name": "Execution Evidence Reconciliation",
      "status": "CERTIFIED",
      "identifier": null,
      "source_block": 100,
      "execution_blocked": true
    }
  ],
  "risk": {
    "stress_status": "CERTIFIED",
    "evidence_status": "CERTIFIED",
    "decision_status": "CERTIFIED",
    "readiness_status": "CERTIFIED",
    "scenario_count": null,
    "downside_pnl": null,
    "upside_pnl": null
  },
  "governance": {
    "status": "APPROVED",
    "governance_id": null,
    "execution_action": null,
    "source_readiness_id": null,
    "source_decision_id": null,
    "source_gate_id": null,
    "source_certificate_id": null
  },
  "intent": {
    "status": "CERTIFIED",
    "intent_id": null,
    "intent_action": null,
    "authorization_status": null,
    "symbol": null,
    "action": null,
    "quantity": null,
    "reference_price": null
  },
  "execution": {
    "status": "SIMULATED",
    "execution_id": null,
    "symbol": "RELIANCE.NS",
    "action": "BUY",
    "requested_quantity": 100.0,
    "filled_quantity": 100.0,
    "reference_price": 2500.0,
    "fill_price": 2501.25,
    "fill_status": "FILLED",
    "slippage_bps": 5.0,
    "transaction_cost": 250.125,
    "net_value": null
  },
  "reconciliation": {
    "status": "CERTIFIED",
    "reconciliation_id": null,
    "source_execution_id": null,
    "quantity_reconciled": true,
    "price_reconciled": true,
    "value_reconciled": true,
    "cost_reconciled": true,
    "lineage_reconciled": true
  },
  "lineage": {
    "block94": null,
    "block95": null,
    "block96": null,
    "block97": null,
    "block98": null,
    "block99": null,
    "block100": null,
    "block101": null
  },
  "safety": {
    "portfolio_mutation": false,
    "valuation_mutation": false,
    "performance_mutation": false,
    "risk_mutation": false,
    "optimization": false,
    "order_creation": false,
    "broker_submission": false,
    "live_order_submission": false,
    "execution_blocked": true,
    "non_mutation_invariant": true
  },
  "ui_policy": {
    "read_only": true,
    "allow_order_creation": false,
    "allow_broker_submission": false,
    "allow_live_execution": false,
    "allow_portfolio_mutation": false,
    "allow_valuation_mutation": false,
    "allow_performance_mutation": false,
    "allow_risk_mutation": false,
    "allow_optimization": false
  }
}

BLOCK 104 ID:
'104'

BLOCK 104 STATUS:
'CERTIFIED'

======================================================================
8. BLOCK 106 INSTITUTIONAL INTEGRATION
======================================================================
BLOCK 106 INSTANCE:
<class 'services.quantitative.block106_institutional_integration_boundary.EROSBlock106InstitutionalIntegrationBoundary'>

CALL:
block106.build_integration_payload(command_center)

BLOCK 106 BUILD : PASS

--- BLOCK 106 ACTUAL OUTPUT TYPE ---
<class 'dict'>
--- BLOCK 106 ACTUAL OUTPUT KEYS ---
'schema'
'integration'
'command_center'
'safety'
'lineage'
'integrity'

--- BLOCK 106 ACTUAL OUTPUT COMPLETE REPRESENTATION ---
{'schema': {'name': 'EROSInstitutionalIntegrationPayload', 'version': '1.0'},
 'integration': {'block_id': '106',
                 'block_name': 'Institutional Integration Boundary',
                 'status': 'CERTIFIED',
                 'source_block_id': '104',
                 'source_block_name': 'EROS Command Center'},
 'command_center': {'status': 'CERTIFIED',
                    'block_id': '104',
                    'engine_version': 'EROS-3.0-BLOCK-104',
                    'source_block': '103',
                    'header': {'title': 'EROS 3.0 Institutional Command Center',
                               'subtitle': 'Read-only governance, execution and reconciliation control view',
                               'pipeline': '94 -> 103'},
                    'status_cards': {'governance': 'APPROVED', 'intent': 'CERTIFIED', 'execution': 'SIMULATED', 'reconciliation': 'CERTIFIED'},
                    'pipeline': [{'block_id': '94',
                                  'name': 'Stress Scenario Engine',
                                  'status': 'CERTIFIED',
                                  'identifier': None,
                                  'source_block': None,
                                  'execution_blocked': True},
                                 {'block_id': '95',
                                  'name': 'Stress Evidence Gate',
                                  'status': 'CERTIFIED',
                                  'identifier': None,
                                  'source_block': 94,
                                  'execution_blocked': True},
                                 {'block_id': '96',
                                  'name': 'Stress Decision Gate',
                                  'status': 'CERTIFIED',
                                  'identifier': None,
                                  'source_block': 95,
                                  'execution_blocked': True},
                                 {'block_id': '97',
                                  'name': 'Stress Readiness Gate',
                                  'status': 'CERTIFIED',
                                  'identifier': None,
                                  'source_block': 96,
                                  'execution_blocked': True},
                                 {'block_id': '98',
                                  'name': 'Execution Governance Bridge',
                                  'status': 'APPROVED',
                                  'identifier': None,
                                  'source_block': 97,
                                  'execution_blocked': True},
                                 {'block_id': '99',
                                  'name': 'Execution Intent Authorization',
                                  'status': 'CERTIFIED',
                                  'identifier': None,
                                  'source_block': 98,
                                  'execution_blocked': True},
                                 {'block_id': '100',
                                  'name': 'Paper Execution / Fill Validation',
                                  'status': 'CERTIFIED',
                                  'identifier': None,
                                  'source_block': 99,
                                  'execution_blocked': True},
                                 {'block_id': '101',
                                  'name': 'Execution Evidence Reconciliation',
                                  'status': 'CERTIFIED',
                                  'identifier': None,
                                  'source_block': 100,
                                  'execution_blocked': True}],
                    'risk': {'stress_status': 'CERTIFIED',
                             'evidence_status': 'CERTIFIED',
                             'decision_status': 'CERTIFIED',
                             'readiness_status': 'CERTIFIED',
                             'scenario_count': None,
                             'downside_pnl': None,
                             'upside_pnl': None},
                    'governance': {'status': 'APPROVED',
                                   'governance_id': None,
                                   'execution_action': None,
                                   'source_readiness_id': None,
                                   'source_decision_id': None,
                                   'source_gate_id': None,
                                   'source_certificate_id': None},
                    'intent': {'status': 'CERTIFIED',
                               'intent_id': None,
                               'intent_action': None,
                               'authorization_status': None,
                               'symbol': None,
                               'action': None,
                               'quantity': None,
                               'reference_price': None},
                    'execution': {'status': 'SIMULATED',
                                  'execution_id': None,
                                  'symbol': 'RELIANCE.NS',
                                  'action': 'BUY',
                                  'requested_quantity': 100.0,
                                  'filled_quantity': 100.0,
                                  'reference_price': 2500.0,
                                  'fill_price': 2501.25,
                                  'fill_status': 'FILLED',
                                  'slippage_bps': 5.0,
                                  'transaction_cost': 250.125,
                                  'net_value': None},
                    'reconciliation': {'status': 'CERTIFIED',
                                       'reconciliation_id': None,
                                       'source_execution_id': None,
                                       'quantity_reconciled': True,
                                       'price_reconciled': True,
                                       'value_reconciled': True,
                                       'cost_reconciled': True,
                                       'lineage_reconciled': True},
                    'lineage': {'block94': None,
                                'block95': None,
                                'block96': None,
                                'block97': None,
                                'block98': None,
                                'block99': None,
                                'block100': None,
                                'block101': None},
                    'safety': {'portfolio_mutation': False,
                               'valuation_mutation': False,
                               'performance_mutation': False,
                               'risk_mutation': False,
                               'optimization': False,
                               'order_creation': False,
                               'broker_submission': False,
                               'live_order_submission': False,
                               'execution_blocked': True,
                               'non_mutation_invariant': True},
                    'ui_policy': {'read_only': True,
                                  'allow_order_creation': False,
                                  'allow_broker_submission': False,
                                  'allow_live_execution': False,
                                  'allow_portfolio_mutation': False,
                                  'allow_valuation_mutation': False,
                                  'allow_performance_mutation': False,
                                  'allow_risk_mutation': False,
                                  'allow_optimization': False}},
 'safety': {'read_only': True,
            'allow_order_creation': False,
            'allow_broker_submission': False,
            'allow_live_execution': False,
            'allow_portfolio_mutation': False,
            'allow_valuation_mutation': False,
            'allow_performance_mutation': False,
            'allow_risk_mutation': False,
            'allow_optimization': False,
            'execution_blocked': True,
            'non_mutation_invariant': True},
 'lineage': {'source_block': '104', 'integration_block': '106', 'source_status': 'CERTIFIED', 'source_block_id': '104'},
 'integrity': {'algorithm': 'SHA-256', 'payload_hash': '7c251283f1341fdbc438ff7a552e3213fbab369ebb47fe9882dcadffc78aae98'}}

--- BLOCK 106 ACTUAL OUTPUT JSON ---
{
  "schema": {
    "name": "EROSInstitutionalIntegrationPayload",
    "version": "1.0"
  },
  "integration": {
    "block_id": "106",
    "block_name": "Institutional Integration Boundary",
    "status": "CERTIFIED",
    "source_block_id": "104",
    "source_block_name": "EROS Command Center"
  },
  "command_center": {
    "status": "CERTIFIED",
    "block_id": "104",
    "engine_version": "EROS-3.0-BLOCK-104",
    "source_block": "103",
    "header": {
      "title": "EROS 3.0 Institutional Command Center",
      "subtitle": "Read-only governance, execution and reconciliation control view",
      "pipeline": "94 -> 103"
    },
    "status_cards": {
      "governance": "APPROVED",
      "intent": "CERTIFIED",
      "execution": "SIMULATED",
      "reconciliation": "CERTIFIED"
    },
    "pipeline": [
      {
        "block_id": "94",
        "name": "Stress Scenario Engine",
        "status": "CERTIFIED",
        "identifier": null,
        "source_block": null,
        "execution_blocked": true
      },
      {
        "block_id": "95",
        "name": "Stress Evidence Gate",
        "status": "CERTIFIED",
        "identifier": null,
        "source_block": 94,
        "execution_blocked": true
      },
      {
        "block_id": "96",
        "name": "Stress Decision Gate",
        "status": "CERTIFIED",
        "identifier": null,
        "source_block": 95,
        "execution_blocked": true
      },
      {
        "block_id": "97",
        "name": "Stress Readiness Gate",
        "status": "CERTIFIED",
        "identifier": null,
        "source_block": 96,
        "execution_blocked": true
      },
      {
        "block_id": "98",
        "name": "Execution Governance Bridge",
        "status": "APPROVED",
        "identifier": null,
        "source_block": 97,
        "execution_blocked": true
      },
      {
        "block_id": "99",
        "name": "Execution Intent Authorization",
        "status": "CERTIFIED",
        "identifier": null,
        "source_block": 98,
        "execution_blocked": true
      },
      {
        "block_id": "100",
        "name": "Paper Execution / Fill Validation",
        "status": "CERTIFIED",
        "identifier": null,
        "source_block": 99,
        "execution_blocked": true
      },
      {
        "block_id": "101",
        "name": "Execution Evidence Reconciliation",
        "status": "CERTIFIED",
        "identifier": null,
        "source_block": 100,
        "execution_blocked": true
      }
    ],
    "risk": {
      "stress_status": "CERTIFIED",
      "evidence_status": "CERTIFIED",
      "decision_status": "CERTIFIED",
      "readiness_status": "CERTIFIED",
      "scenario_count": null,
      "downside_pnl": null,
      "upside_pnl": null
    },
    "governance": {
      "status": "APPROVED",
      "governance_id": null,
      "execution_action": null,
      "source_readiness_id": null,
      "source_decision_id": null,
      "source_gate_id": null,
      "source_certificate_id": null
    },
    "intent": {
      "status": "CERTIFIED",
      "intent_id": null,
      "intent_action": null,
      "authorization_status": null,
      "symbol": null,
      "action": null,
      "quantity": null,
      "reference_price": null
    },
    "execution": {
      "status": "SIMULATED",
      "execution_id": null,
      "symbol": "RELIANCE.NS",
      "action": "BUY",
      "requested_quantity": 100.0,
      "filled_quantity": 100.0,
      "reference_price": 2500.0,
      "fill_price": 2501.25,
      "fill_status": "FILLED",
      "slippage_bps": 5.0,
      "transaction_cost": 250.125,
      "net_value": null
    },
    "reconciliation": {
      "status": "CERTIFIED",
      "reconciliation_id": null,
      "source_execution_id": null,
      "quantity_reconciled": true,
      "price_reconciled": true,
      "value_reconciled": true,
      "cost_reconciled": true,
      "lineage_reconciled": true
    },
    "lineage": {
      "block94": null,
      "block95": null,
      "block96": null,
      "block97": null,
      "block98": null,
      "block99": null,
      "block100": null,
      "block101": null
    },
    "safety": {
      "portfolio_mutation": false,
      "valuation_mutation": false,
      "performance_mutation": false,
      "risk_mutation": false,
      "optimization": false,
      "order_creation": false,
      "broker_submission": false,
      "live_order_submission": false,
      "execution_blocked": true,
      "non_mutation_invariant": true
    },
    "ui_policy": {
      "read_only": true,
      "allow_order_creation": false,
      "allow_broker_submission": false,
      "allow_live_execution": false,
      "allow_portfolio_mutation": false,
      "allow_valuation_mutation": false,
      "allow_performance_mutation": false,
      "allow_risk_mutation": false,
      "allow_optimization": false
    }
  },
  "safety": {
    "read_only": true,
    "allow_order_creation": false,
    "allow_broker_submission": false,
    "allow_live_execution": false,
    "allow_portfolio_mutation": false,
    "allow_valuation_mutation": false,
    "allow_performance_mutation": false,
    "allow_risk_mutation": false,
    "allow_optimization": false,
    "execution_blocked": true,
    "non_mutation_invariant": true
  },
  "lineage": {
    "source_block": "104",
    "integration_block": "106",
    "source_status": "CERTIFIED",
    "source_block_id": "104"
  },
  "integrity": {
    "algorithm": "SHA-256",
    "payload_hash": "7c251283f1341fdbc438ff7a552e3213fbab369ebb47fe9882dcadffc78aae98"
  }
}

BLOCK 106 VALIDATION:
VALIDATE RESULT: True
BLOCK 106 VALIDATION : PASS

======================================================================
9. BLOCK 106 SAFETY POLICY
======================================================================
SAFETY POLICY:
{'read_only': True,
 'allow_order_creation': False,
 'allow_broker_submission': False,
 'allow_live_execution': False,
 'allow_portfolio_mutation': False,
 'allow_valuation_mutation': False,
 'allow_performance_mutation': False,
 'allow_risk_mutation': False,
 'allow_optimization': False,
 'execution_blocked': True,
 'non_mutation_invariant': True}

======================================================================
10. END-TO-END KEY SUMMARY
======================================================================
{'block102_status': 'CERTIFIED',
 'block102_id': '102',
 'block103_status': 'CERTIFIED',
 'block103_id': '103',
 'block103_engine_version': 'EROS-3.0-BLOCK-103',
 'block104_status': 'CERTIFIED',
 'block104_id': '104',
 'block106_status': None,
 'block106_id': None}

======================================================================
11. DIAGNOSTIC CONCLUSION
======================================================================
BLOCK 103 ID : INCORRECT

IMPORTANT: The actual Block 103 output does not expose block_id=103.
We must inspect the Block 103 contract before modifying anything.
BLOCK 104 ID : NOT 104 / REQUIRES CONTRACT INSPECTION
BLOCK 106 ID : NOT 106 / REQUIRES CONTRACT INSPECTION

NO SOURCE FILES WERE MODIFIED BY THIS RUNNER.
NO GIT COMMIT WAS PERFORMED.
NO GIT PUSH WAS PERFORMED.
NO BROKER WAS CONTACTED.
NO LIVE EXECUTION WAS PERFORMED.


======================================================================
GIT STATUS
======================================================================

?? logs/
?? services/quantitative/block106_institutional_integration_boundary.py


======================================================================
GIT HEAD
======================================================================

29bfca9e75d8a2c1a2556acd78ad8f899fae219f


======================================================================
GIT BRANCH
======================================================================

feature/eros-3-0-sprint19


======================================================================
SAFETY
======================================================================

NO SOURCE CHANGES BY DIAGNOSTIC
NO GIT COMMIT
NO GIT PUSH
NO BROKER
NO LIVE EXECUTION

======================================================================
END
======================================================================
