**********************
Windows PowerShell transcript start
Start time: 20260820084957
Username: DESKTOP-LE24ARK\Ramchandra Murthy
RunAs User: DESKTOP-LE24ARK\Ramchandra Murthy
Configuration Name: 
Machine: DESKTOP-LE24ARK (Microsoft Windows NT 10.0.19045.0)
Host Application: C:\Windows\System32\WindowsPowerShell\v1.0\powershell.exe
Process ID: 2380
PSVersion: 5.1.19041.6456
PSEdition: Desktop
PSCompatibleVersions: 1.0, 2.0, 3.0, 4.0, 5.0, 5.1.19041.6456
BuildVersion: 10.0.19041.6456
CLRVersion: 4.0.30319.42000
WSManStackVersion: 3.0
PSRemotingProtocolVersion: 2.3
SerializationVersion: 1.1.0.1
**********************
Transcript started, output file is .\logs\block106_interface_runtime_verification_20260820_084957.log

======================================================================
      EROS 3.0 - BLOCK 106 INTERFACE + RUNTIME VERIFICATION
======================================================================

READ / VERIFY FIRST
NO GIT COMMIT
NO GIT PUSH
NO BROKER
NO LIVE EXECUTION

1. BLOCK 106 PUBLIC INTERFACE
----------------------------------------------------------------------
  File "<string>", line 9
    print(")
          ^
SyntaxError: unterminated string literal (detected at line 9)
BLOCK 106 INTERFACE : FAILED
**********************
Windows PowerShell transcript end
End time: 20260820084957
**********************
