======================================================================
EROS 3.0 - BLOCK 102 ACTUAL CONTRACT INSPECTION
======================================================================
READ / VERIFY ONLY
NO SOURCE CHANGES
NO GIT COMMIT
NO GIT PUSH
NO BROKER
NO LIVE EXECUTION
NO ORDER CREATION
NO MUTATION

1. IMPORT
----------------------------------------------------------------------
BLOCK 102 IMPORT : PASS

2. CLASS
----------------------------------------------------------------------
TYPE : <class 'services.quantitative.block102_frontend_contract.EROSBlock102FrontendContract'>
BLOCK_ID : 102
ENGINE_VERSION : EROS-3.0-BLOCK-102

3. BUILD SIGNATURE
----------------------------------------------------------------------
(*, block94: 'Mapping[str, Any] | None' = None, block95: 'Mapping[str, Any] | None' = None, block96: 'Mapping[str, Any] | None' = None, block97: 'Mapping[str, Any] | None' = None, block98: 'Mapping[str, Any] | None' = None, block99: 'Mapping[str, Any] | None' = None, block100: 'Mapping[str, Any] | None' = None, block101: 'Mapping[str, Any] | None' = None) -> 'Dict[str, Any]'

4. PREPARE UPSTREAM OBJECTS
----------------------------------------------------------------------
BLOCK 94 : READY
BLOCK 95 : READY
BLOCK 96 : READY
BLOCK 97 : READY
BLOCK 98 : READY
BLOCK 99 : READY
BLOCK 100: READY
BLOCK 101: READY

5. BUILD ACTUAL BLOCK 102
----------------------------------------------------------------------
BLOCK 102 BUILD : PASS

6. ACTUAL RETURN TYPE
----------------------------------------------------------------------
TYPE : <class 'dict'>

7. ACTUAL TOP-LEVEL KEYS
----------------------------------------------------------------------
'status'
'block_id'
'engine_version'
'created_at'
'pipeline_status'
'risk'
'governance'
'intent'
'execution'
'reconciliation'
'lineage'
'safety'

8. ACTUAL BLOCK 102 PAYLOAD
----------------------------------------------------------------------
{
  "status": "CERTIFIED",
  "block_id": "102",
  "engine_version": "EROS-3.0-BLOCK-102",
  "created_at": "2026-08-20T04:09:24.138606+00:00",
  "pipeline_status": [
    {
      "block_id": "94",
      "name": "Stress Scenario Engine",
      "status": "CERTIFIED",
      "source_block": null,
      "identifier": null,
      "execution_blocked": true
    },
    {
      "block_id": "95",
      "name": "Stress Evidence Gate",
      "status": "CERTIFIED",
      "source_block": null,
      "identifier": null,
      "execution_blocked": true
    },
    {
      "block_id": "96",
      "name": "Stress Decision Gate",
      "status": "CERTIFIED",
      "source_block": null,
      "identifier": null,
      "execution_blocked": true
    },
    {
      "block_id": "97",
      "name": "Stress Readiness Gate",
      "status": "CERTIFIED",
      "source_block": null,
      "identifier": null,
      "execution_blocked": true
    },
    {
      "block_id": "98",
      "name": "Execution Governance Bridge",
      "status": "APPROVED",
      "source_block": null,
      "identifier": null,
      "execution_blocked": true
    },
    {
      "block_id": "99",
      "name": "Execution Intent Authorization",
      "status": "CERTIFIED",
      "source_block": null,
      "identifier": null,
      "execution_blocked": true
    },
    {
      "block_id": "100",
      "name": "Paper Execution / Fill Validation",
      "status": "CERTIFIED",
      "source_block": null,
      "identifier": null,
      "execution_blocked": true
    },
    {
      "block_id": "101",
      "name": "Execution Evidence Reconciliation",
      "status": "CERTIFIED",
      "source_block": null,
      "identifier": null,
      "execution_blocked": true
    }
  ],
  "risk": {
    "stress_status": "CERTIFIED",
    "evidence_status": "CERTIFIED",
    "decision_status": "CERTIFIED",
    "readiness_status": "CERTIFIED",
    "scenario_count": null,
    "downside_pnl": null,
    "upside_pnl": null
  },
  "governance": {
    "status": "APPROVED",
    "governance_id": null,
    "execution_action": null,
    "source_readiness_id": null,
    "source_decision_id": null,
    "source_gate_id": null,
    "source_certificate_id": null
  },
  "intent": {
    "status": "CERTIFIED",
    "intent_id": null,
    "intent_action": null,
    "authorization_status": null,
    "symbol": null,
    "action": null,
    "quantity": null,
    "reference_price": null
  },
  "execution": {
    "status": "SIMULATED",
    "execution_id": null,
    "symbol": "RELIANCE.NS",
    "action": "BUY",
    "requested_quantity": null,
    "filled_quantity": null,
    "reference_price": 2500.0,
    "fill_price": null,
    "fill_status": null,
    "slippage_bps": null,
    "transaction_cost": null,
    "net_value": null
  },
  "reconciliation": {
    "status": "CERTIFIED",
    "reconciliation_id": null,
    "source_execution_id": null,
    "quantity_reconciled": null,
    "price_reconciled": null,
    "value_reconciled": null,
    "cost_reconciled": null,
    "lineage_reconciled": null
  },
  "lineage": {
    "block94": null,
    "block95": null,
    "block96": null,
    "block97": null,
    "block98": null,
    "block99": null,
    "block100": null,
    "block101": null
  },
  "safety": {
    "portfolio_mutation": false,
    "valuation_mutation": false,
    "performance_mutation": false,
    "risk_mutation": false,
    "optimization": false,
    "order_creation": false,
    "broker_submission": false,
    "live_order_submission": false,
    "execution_blocked": true,
    "non_mutation_invariant": true
  }
}

9. TOP-LEVEL FIELD INSPECTION
----------------------------------------------------------------------
status                    : 'CERTIFIED'
block_id                  : '102'
engine_version            : 'EROS-3.0-BLOCK-102'
pipeline                  : '<MISSING>'
pipeline_count            : '<MISSING>'
safety                    : {'portfolio_mutation': False, 'valuation_mutation': False, 'performance_mutation': False, 'risk_mutation': False, 'optimization': False, 'order_creation': False, 'broker_submission': False, 'live_order_submission': False, 'execution_blocked': True, 'non_mutation_invariant': True}
governance                : {'status': 'APPROVED', 'governance_id': None, 'execution_action': None, 'source_readiness_id': None, 'source_decision_id': None, 'source_gate_id': None, 'source_certificate_id': None}
intent                    : {'status': 'CERTIFIED', 'intent_id': None, 'intent_action': None, 'authorization_status': None, 'symbol': None, 'action': None, 'quantity': None, 'reference_price': None}
execution                 : {'status': 'SIMULATED', 'execution_id': None, 'symbol': 'RELIANCE.NS', 'action': 'BUY', 'requested_quantity': None, 'filled_quantity': None, 'reference_price': 2500.0, 'fill_price': None, 'fill_status': None, 'slippage_bps': None, 'transaction_cost': None, 'net_value': None}
reconciliation            : {'status': 'CERTIFIED', 'reconciliation_id': None, 'source_execution_id': None, 'quantity_reconciled': None, 'price_reconciled': None, 'value_reconciled': None, 'cost_reconciled': None, 'lineage_reconciled': None}
lineage                   : {'block94': None, 'block95': None, 'block96': None, 'block97': None, 'block98': None, 'block99': None, 'block100': None, 'block101': None}

10. POSSIBLE NESTED CONTRACT FIELDS
----------------------------------------------------------------------

KEY : status
TYPE: str

KEY : block_id
TYPE: str

KEY : engine_version
TYPE: str

KEY : created_at
TYPE: str

KEY : pipeline_status
TYPE: list

KEY : risk
TYPE: dict
NESTED KEYS:
    'stress_status'
    'evidence_status'
    'decision_status'
    'readiness_status'
    'scenario_count'
    'downside_pnl'
    'upside_pnl'

KEY : governance
TYPE: dict
NESTED KEYS:
    'status'
    'governance_id'
    'execution_action'
    'source_readiness_id'
    'source_decision_id'
    'source_gate_id'
    'source_certificate_id'

KEY : intent
TYPE: dict
NESTED KEYS:
    'status'
    'intent_id'
    'intent_action'
    'authorization_status'
    'symbol'
    'action'
    'quantity'
    'reference_price'

KEY : execution
TYPE: dict
NESTED KEYS:
    'status'
    'execution_id'
    'symbol'
    'action'
    'requested_quantity'
    'filled_quantity'
    'reference_price'
    'fill_price'
    'fill_status'
    'slippage_bps'
    'transaction_cost'
    'net_value'

KEY : reconciliation
TYPE: dict
NESTED KEYS:
    'status'
    'reconciliation_id'
    'source_execution_id'
    'quantity_reconciled'
    'price_reconciled'
    'value_reconciled'
    'cost_reconciled'
    'lineage_reconciled'

KEY : lineage
TYPE: dict
NESTED KEYS:
    'block94'
    'block95'
    'block96'
    'block97'
    'block98'
    'block99'
    'block100'
    'block101'

KEY : safety
TYPE: dict
NESTED KEYS:
    'portfolio_mutation'
    'valuation_mutation'
    'performance_mutation'
    'risk_mutation'
    'optimization'
    'order_creation'
    'broker_submission'
    'live_order_submission'
    'execution_blocked'
    'non_mutation_invariant'

11. BLOCK 102 OBJECT STATE
----------------------------------------------------------------------
BLOCK_ID                       : '102'
BLOCK_NAMES                    : {'94': 'Stress Scenario Engine', '95': 'Stress Evidence Gate', '96': 'Stress Decision Gate', '97': 'Stress Readiness Gate', '98': 'Execution Governance Bridge', '99': 'Execution Intent Authorization', '100': 'Paper Execution / Fill Validation', '101': 'Execution Evidence Reconciliation'}
ENGINE_VERSION                 : 'EROS-3.0-BLOCK-102'
SAFETY_FIELDS                  : {'portfolio_mutation': False, 'valuation_mutation': False, 'performance_mutation': False, 'risk_mutation': False, 'optimization': False, 'order_creation': False, 'broker_submission': False, 'live_order_submission': False, 'execution_blocked': True, 'non_mutation_invariant': True}
engine_version                 : 'EROS-3.0-BLOCK-102'

======================================================================
BLOCK 102 ACTUAL CONTRACT INSPECTION COMPLETE
======================================================================
IMPORTANT:
This diagnostic does NOT modify Block 102.
This diagnostic does NOT modify Block 103.
This diagnostic does NOT modify Block 106.
This diagnostic does NOT contact a broker.
This diagnostic does NOT create an order.
======================================================================
