**********************
Windows PowerShell transcript start
Start time: 20260819224725
Username: DESKTOP-LE24ARK\Ramchandra Murthy
RunAs User: DESKTOP-LE24ARK\Ramchandra Murthy
Configuration Name: 
Machine: DESKTOP-LE24ARK (Microsoft Windows NT 10.0.19045.0)
Host Application: C:\Windows\System32\WindowsPowerShell\v1.0\powershell.exe
Process ID: 10728
PSVersion: 5.1.19041.6456
PSEdition: Desktop
PSCompatibleVersions: 1.0, 2.0, 3.0, 4.0, 5.0, 5.1.19041.6456
BuildVersion: 10.0.19041.6456
CLRVersion: 4.0.30319.42000
WSManStackVersion: 3.0
PSRemotingProtocolVersion: 2.3
SerializationVersion: 1.1.0.1
**********************
0. PROJECT / GIT BASELINE
----------------------------------------------------------------------
PROJECT ROOT:
D:\Users\User\Desktop\AI_STOCK_ANALYZER

CURRENT BRANCH:
feature/eros-3-0-sprint19

CURRENT HEAD:
29bfca9 (HEAD -> feature/eros-3-0-sprint19, origin/feature/eros-3-0-sprint19) EROS 3.0: integrate Block 105 command cen
ter dashboard

GIT STATUS:
?? logs/

1. EROS BLOCK 94 -> 105 FILE INVENTORY
----------------------------------------------------------------------


2. BLOCK 105 DASHBOARD FILES
----------------------------------------------------------------------

3. BLOCK 105 DASHBOARD ROUTING
----------------------------------------------------------------------

4. EROS COMMAND CENTER STRUCTURE
----------------------------------------------------------------------

5. BLOCK 104 ENGINE STRUCTURE
----------------------------------------------------------------------

6. BLOCK 103 READ MODEL STRUCTURE
----------------------------------------------------------------------

7. BLOCK 102 FRONTEND CONTRACT
----------------------------------------------------------------------

8. BLOCK 101 RECONCILIATION OUTPUT
----------------------------------------------------------------------

9. BLOCK 100 PAPER EXECUTION OUTPUT
----------------------------------------------------------------------

10. BLOCK 99 EXECUTION INTENT OUTPUT
----------------------------------------------------------------------

11. BLOCK 98 GOVERNANCE OUTPUT
----------------------------------------------------------------------

12. EXISTING DASHBOARD DATA SOURCES
----------------------------------------------------------------------

13. EXISTING DECISION / EVIDENCE UI SEARCH
----------------------------------------------------------------------
Name                                           Length LastWriteTime
----                                           ------ -------------
block100_paper_execution_fill_gate.py           16946 19-08-2026 08:30:12 PM
block100_test_harness.py                         6390 19-08-2026 08:30:12 PM
block101_execution_evidence_reconciliation.py   12478 19-08-2026 08:54:07 PM
block101_test_harness.py                        10424 19-08-2026 09:00:07 PM
block102_frontend_contract.py                    9437 19-08-2026 09:24:54 PM
block102_test_harness.py                         6339 19-08-2026 09:24:54 PM
block103_institutional_frontend_read_model.py   10296 19-08-2026 09:35:13 PM
block103_test_harness.py                         7145 19-08-2026 09:35:13 PM
block104_eros_command_center.py                  6640 19-08-2026 10:21:07 PM
block104_test_harness.py                         8326 19-08-2026 10:21:07 PM
block94_portfolio_stress_scenario_engine.py     38313 19-08-2026 07:19:36 PM
block94_test_harness.py                         26153 17-08-2026 09:28:05 PM
block95_stress_evidence_gate.py                 13905 19-08-2026 07:33:49 PM
block95_test_harness.py                          9624 18-08-2026 11:32:32 PM
block96_stress_decision_gate.py                 13717 19-08-2026 07:29:31 PM
block96_test_harness.py                          7839 19-08-2026 07:31:04 PM
block97_stress_readiness_gate.py                10303 19-08-2026 07:41:42 PM
block97_test_harness.py                          6476 19-08-2026 07:43:33 PM
block98_execution_governance_bridge.py          12839 19-08-2026 08:13:03 PM
block98_test_harness.py                          7561 19-08-2026 08:13:03 PM
block99_execution_intent_authorization_gate.py  12899 19-08-2026 08:19:17 PM
block99_test_harness.py                          9803 19-08-2026 08:19:17 PM
                                                13962 19-08-2026 10:30:21 PM
                                                 7922 19-08-2026 10:32:44 PM









































































































































































































































































































































































































































































































































































































































































































































































14. EXISTING BLOCK 106 REFERENCES
----------------------------------------------------------------------

15. QUANTITATIVE PACKAGE STRUCTURE
----------------------------------------------------------------------
__pycache__
batch_screener.py                                5932
block100_paper_execution_fill_gate.py           16946
block100_test_harness.py                         6390
block101_execution_evidence_reconciliation.py   12478
block101_test_harness.py                        10424
block102_frontend_contract.py                    9437
block102_test_harness.py                         6339
block103_institutional_frontend_read_model.py   10296
block103_test_harness.py                         7145
block104_eros_command_center.py                  6640
block104_test_harness.py                         8326
block85_execution_certification.py              15796
block85_test_harness.py                          1832
block86_control_plane.py                         9367
block86_test_harness.py                          2112
block87_execution_bridge.py                     16844
block87_test_harness.py                          3680
block88_audit_reconciliation.py                 18711
block88_test_harness.py                          8801
block89_settlement_engine.py                    19878
block89_test_harness.py                          9346
block90_portfolio_state_engine.py               20303
block90_test_harness.py                          4966
block91_portfolio_valuation_engine.py           17450
block91_test_harness.py                          6349
block92_portfolio_performance_engine.py         23044
block92_test_harness.py                          7122
block93_performance_risk_attribution_engine.py  29692
block93_test_harness.py                         17885
block94_portfolio_stress_scenario_engine.py     38313
block94_test_harness.py                         26153
block95_stress_evidence_gate.py                 13905
block95_test_harness.py                          9624
block96_stress_decision_gate.py                 13717
block96_test_harness.py                          7839
block97_stress_readiness_gate.py                10303
block97_test_harness.py                          6476
block98_execution_governance_bridge.py          12839
block98_test_harness.py                          7561
block99_execution_intent_authorization_gate.py  12899
block99_test_harness.py                          9803
execution_intent.py                              8651
golden_path_85_94_orchestrator.py                8679
golden_path_85_94_test_harness.py               19154
paper_execution.py                              12742
portfolio_governance.py                          6254
portfolio_optimizer.py                           7705
portfolio_risk.py                                6708
__init__.py                                       614

16. DASHBOARD PACKAGE STRUCTURE
----------------------------------------------------------------------
app.py                                          13962
eros_command_center.py                           7922

17. FINAL GIT STATE
----------------------------------------------------------------------
?? logs/

29bfca9 (HEAD -> feature/eros-3-0-sprint19, origin/feature/eros-3-0-sprint19) EROS 3.0: integrate Block 105 command cen
ter dashboard

18. SAFETY BASELINE
----------------------------------------------------------------------






















































































































































































































































































































































































































































































































































































======================================================================
             BLOCK 106 DISCOVERY COMPLETE
======================================================================

READ ONLY                 : YES
IMPLEMENTATION            : NOT STARTED
GIT COMMIT                : NOT STARTED
BLOCK 105                 : PUSHED
LIVE BROKER               : FALSE
LIVE EXECUTION            : FALSE

**********************
Windows PowerShell transcript end
End time: 20260819224738
**********************
