
======================================================================
EROS 3.0 - BLOCK 106 REAL 102 -> 103 -> 104 -> 106 FINAL RUNTIME
======================================================================
READ / VERIFY ONLY
NO SOURCE CHANGES
NO GIT COMMIT
NO GIT PUSH
NO BROKER
NO LIVE EXECUTION
NO ORDER CREATION
NO MUTATION

======================================================================
1. IMPORT CONTRACT LAYERS
======================================================================
BLOCK 102 IMPORT : PASS
BLOCK 103 IMPORT : PASS
BLOCK 104 IMPORT : PASS
BLOCK 106 IMPORT : PASS

======================================================================
2. ACTUAL RUNTIME SIGNATURES
======================================================================
BLOCK 102 BUILD    : (self, *, block94: 'Mapping[str, Any] | None' = None, block95: 'Mapping[str, Any] | None' = None, block96: 'Mapping[str, Any] | None' = None, block97: 'Mapping[str, Any] | None' = None, block98: 'Mapping[str, Any] | None' = None, block99: 'Mapping[str, Any] | None' = None, block100: 'Mapping[str, Any] | None' = None, block101: 'Mapping[str, Any] | None' = None) -> 'Dict[str, Any]'
BLOCK 103 BUILD    : (self, *, contract: 'Mapping[str, Any]') -> 'Dict[str, Any]'
BLOCK 104 SNAPSHOT : (self, *, read_model: 'Mapping[str, Any]') -> 'Dict[str, Any]'
BLOCK 106 BUILD    : (self, command_center: 'Mapping[str, Any]') -> 'Dict[str, Any]'
BLOCK 106 SNAPSHOT : (self, command_center: 'Mapping[str, Any]') -> 'Dict[str, Any]'
BLOCK 106 VALIDATE : (self, payload: 'Mapping[str, Any]') -> 'bool'
SIGNATURE VERIFICATION : PASS

======================================================================
3. PREPARE BLOCK 94 -> 101 READ-ONLY UPSTREAM OUTPUTS
======================================================================
BLOCK 94 : READY
BLOCK 95 : READY
BLOCK 96 : READY
BLOCK 97 : READY
BLOCK 98 : READY
BLOCK 99 : READY
BLOCK 100: READY
BLOCK 101: READY

======================================================================
4. BUILD ACTUAL BLOCK 102 FRONTEND CONTRACT
======================================================================
BLOCK 102 INSTANCE : PASS
BLOCK 102 BUILD    : PASS
STATUS         : CERTIFIED
BLOCK ID       : 102
ENGINE VERSION : EROS-3.0-BLOCK-102
PIPELINE COUNT : 0
portfolio_mutation              : False
valuation_mutation              : False
performance_mutation            : False
risk_mutation                   : False
optimization                    : False
order_creation                  : False
broker_submission               : False
live_order_submission           : False
execution_blocked               : True
non_mutation_invariant          : True
Traceback (most recent call last):
  File "D:\Users\User\Desktop\AI_STOCK_ANALYZER\logs\block106_102_103_104_106_final_runtime_retry_20260820_093828.py", line 196, in <module>
    require(
    ~~~~~~~^
        block102_contract.get("block_id") == 102,
        ^^^^^^^^^^^^^^^^^^^^^^^^^^^^^^^^^^^^^^^^^
        "BLOCK102_BAD_ID",
        ^^^^^^^^^^^^^^^^^^
    )
    ^
  File "D:\Users\User\Desktop\AI_STOCK_ANALYZER\logs\block106_102_103_104_106_final_runtime_retry_20260820_093828.py", line 18, in require
    raise AssertionError(message)
AssertionError: BLOCK102_BAD_ID
