======================================================================
EROS 3.0 - BLOCK 106 FINAL CERTIFICATION
======================================================================
READ / VERIFY ONLY
NO SOURCE CHANGES
NO GIT COMMIT
NO GIT PUSH
NO BROKER
NO LIVE EXECUTION
NO ORDER CREATION
NO MUTATION

1. IMPORT VERIFICATION
----------------------------------------------------------------------
BLOCK 102 IMPORT : PASS
BLOCK 103 IMPORT : PASS
BLOCK 104 IMPORT : PASS
BLOCK 106 IMPORT : PASS

2. ACTUAL INTERFACES
----------------------------------------------------------------------
BLOCK 102 BUILD    : (self, *, block94: 'Mapping[str, Any] | None' = None, block95: 'Mapping[str, Any] | None' = None, block96: 'Mapping[str, Any] | None' = None, block97: 'Mapping[str, Any] | None' = None, block98: 'Mapping[str, Any] | None' = None, block99: 'Mapping[str, Any] | None' = None, block100: 'Mapping[str, Any] | None' = None, block101: 'Mapping[str, Any] | None' = None) -> 'Dict[str, Any]'
BLOCK 103 BUILD    : (self, *, contract: 'Mapping[str, Any]') -> 'Dict[str, Any]'
BLOCK 104 SNAPSHOT : (self, *, read_model: 'Mapping[str, Any]') -> 'Dict[str, Any]'
BLOCK 106 BUILD    : (self, command_center: 'Mapping[str, Any]') -> 'Dict[str, Any]'
BLOCK 106 SNAPSHOT : (self, command_center: 'Mapping[str, Any]') -> 'Dict[str, Any]'
BLOCK 106 VALIDATE : (self, payload: 'Mapping[str, Any]') -> 'bool'
INTERFACE CHECK : PASS

3. BLOCK 102 CONTRACT INSTANCE
----------------------------------------------------------------------
INSTANCE : EROSBlock102FrontendContract
STATUS         : CERTIFIED
BLOCK ID       : 102
ENGINE VERSION : EROS-3.0-BLOCK-102
PIPELINE       : None
python.exe : Traceback (most recent call last):
At line:296 char:17
+ $pythonOutput = & python $runner 2>&1
+                 ~~~~~~~~~~~~~~~~~~~~~
    + CategoryInfo          : NotSpecified: (Traceback (most recent call last)::String) [], RemoteException
    + FullyQualifiedErrorId : NativeCommandError
 
  File "D:\Users\User\Desktop\AI_STOCK_ANALYZER\logs\block106_final_certification_runner.py", line 98, in <module>
    require(c102.get("block_id") == 102, "BLOCK102_BAD_ID")
    ~~~~~~~^^^^^^^^^^^^^^^^^^^^^^^^^^^^^^^^^^^^^^^^^^^^^^^^
  File "D:\Users\User\Desktop\AI_STOCK_ANALYZER\logs\block106_final_certification_runner.py", line 25, in require
    raise AssertionError(message)
AssertionError: BLOCK102_BAD_ID


======================================================================
POWERSHELL RESULT
======================================================================
PYTHON EXIT CODE : 1
LOG FILE         : .\logs\block106_final_certification_20260820_094431.log

NO COMMIT
NO PUSH
NO BROKER
NO LIVE EXECUTION
======================================================================
