==========================================================================
EROS 3.0 - BLOCK 102 -> 103 -> 104 -> 106 REAL CONTRACT CHAIN
==========================================================================
READ / VERIFY ONLY
NO SOURCE CHANGES
NO GIT COMMIT
NO GIT PUSH
NO BROKER
NO LIVE EXECUTION
NO ORDER CREATION
NO MUTATION

==========================================================================
1. IMPORT CONTRACT LAYERS
==========================================================================
BLOCK 102 IMPORT : PASS
BLOCK 103 IMPORT : PASS
BLOCK 104 IMPORT : PASS
BLOCK 106 IMPORT : PASS

==========================================================================
2. ACTUAL RUNTIME SIGNATURES
==========================================================================
BLOCK 102 BUILD    : (self, *, block94: 'Mapping[str, Any] | None' = None, block95: 'Mapping[str, Any] | None' = None, block96: 'Mapping[str, Any] | None' = None, block97: 'Mapping[str, Any] | None' = None, block98: 'Mapping[str, Any] | None' = None, block99: 'Mapping[str, Any] | None' = None, block100: 'Mapping[str, Any] | None' = None, block101: 'Mapping[str, Any] | None' = None) -> 'Dict[str, Any]'
BLOCK 103 BUILD    : (self, *, contract: 'Mapping[str, Any]') -> 'Dict[str, Any]'
BLOCK 104 SNAPSHOT : (self, *, read_model: 'Mapping[str, Any]') -> 'Dict[str, Any]'
BLOCK 106 BUILD    : (self, command_center: 'Mapping[str, Any]') -> 'Dict[str, Any]'
BLOCK 106 SNAPSHOT : (self, command_center: 'Mapping[str, Any]') -> 'Dict[str, Any]'
BLOCK 106 VALIDATE : (self, payload: 'Mapping[str, Any]') -> 'bool'
SIGNATURE VERIFICATION : PASS

==========================================================================
3. PREPARE BLOCK 94 -> 101 READ-ONLY CONTRACTS
==========================================================================
BLOCK 94 : READY
BLOCK 95 : READY
BLOCK 96 : READY
BLOCK 97 : READY
BLOCK 98 : READY
BLOCK 99 : READY
BLOCK 100: READY
BLOCK 101: READY

==========================================================================
4. BUILD ACTUAL BLOCK 102 FRONTEND CONTRACT
==========================================================================
BLOCK 102 BUILD : PASS

STATUS         : CERTIFIED
BLOCK ID       : '102'
ENGINE VERSION : EROS-3.0-BLOCK-102
PIPELINE FIELD : pipeline_status
PIPELINE COUNT : 8
EXPECTED PIPELINE : ['94', '95', '96', '97', '98', '99', '100', '101']
ACTUAL PIPELINE   : ['94', '95', '96', '97', '98', '99', '100', '101']
BLOCK 102 STRUCTURE : PASS

==========================================================================
5. BLOCK 102 SAFETY CONTRACT
==========================================================================
portfolio_mutation               : False
valuation_mutation               : False
performance_mutation             : False
risk_mutation                    : False
optimization                     : False
order_creation                   : False
broker_submission                : False
live_order_submission            : False
execution_blocked                : True
non_mutation_invariant           : True
BLOCK 102 SAFETY : PASS

==========================================================================
6. FEED ACTUAL BLOCK 102 OUTPUT INTO BLOCK 103
==========================================================================
BLOCK 103 INSTANCE : PASS
INPUT TYPE        : dict
INPUT BLOCK ID    : '102'

BLOCK 103 BUILD : PASS

STATUS         : CERTIFIED
BLOCK ID       : '103'
ENGINE VERSION : EROS-3.0-BLOCK-103
BLOCK 103 STRUCTURE : PASS

==========================================================================
7. BLOCK 103 SAFETY
==========================================================================
portfolio_mutation               : False
valuation_mutation               : False
performance_mutation             : False
risk_mutation                    : False
optimization                     : False
order_creation                   : False
broker_submission                : False
live_order_submission            : False
execution_blocked                : True
non_mutation_invariant           : True
BLOCK 103 SAFETY : PASS

==========================================================================
8. BUILD ACTUAL BLOCK 104 COMMAND CENTER
==========================================================================
BLOCK 104 INSTANCE : PASS

BLOCK 104 SNAPSHOT : PASS

STATUS : CERTIFIED
BLOCK ID : '104'
SOURCE BLOCK : 103

COMMAND CENTER TOP-LEVEL KEYS:
    status
    block_id
    engine_version
    source_block
    header
    status_cards
    pipeline
    risk
    governance
    intent
    execution
    reconciliation
    lineage
    safety
    ui_policy

BLOCK 104 STRUCTURE : PASS

==========================================================================
9. BLOCK 104 UI / SAFETY POLICY
==========================================================================
read_only                           : True
allow_order_creation                : False
allow_broker_submission             : False
allow_live_execution                : False
allow_portfolio_mutation            : False
allow_valuation_mutation            : False
allow_performance_mutation          : False
allow_risk_mutation                 : False
allow_optimization                  : False
BLOCK 104 SAFETY/UI POLICY : PASS

==========================================================================
10. FEED ACTUAL BLOCK 104 INTO BLOCK 106
==========================================================================
BLOCK 106 INSTANCE : PASS

BLOCK 106 BLOCK_ID   : '106'
BLOCK 106 BLOCK_NAME : Institutional Integration Boundary
BLOCK 106 VERSION    : 1.0

BLOCK 106 BUILD : PASS

PAYLOAD TYPE : dict
PAYLOAD KEYS:
    schema
    integration
    command_center
    safety
    lineage
    integrity

==========================================================================
11. BLOCK 106 PAYLOAD VALIDATION
==========================================================================
VALIDATE RESULT : True
BLOCK 106 PAYLOAD VALIDATION : PASS

==========================================================================
12. BLOCK 106 SAFETY CONTRACT
==========================================================================
read_only                           : True
allow_order_creation                : False
allow_broker_submission             : False
allow_live_execution                : False
allow_portfolio_mutation            : False
allow_valuation_mutation            : False
allow_performance_mutation          : False
allow_risk_mutation                 : False
allow_optimization                  : False
execution_blocked                   : True
non_mutation_invariant              : True

BLOCK 106 SAFETY : PASS

==========================================================================
13. FINAL BLOCK 106 INTEGRATION PAYLOAD
==========================================================================
{
  "schema": {
    "name": "EROSInstitutionalIntegrationPayload",
    "version": "1.0"
  },
  "integration": {
    "block_id": "106",
    "block_name": "Institutional Integration Boundary",
    "status": "CERTIFIED",
    "source_block_id": "104",
    "source_block_name": "EROS Command Center"
  },
  "command_center": {
    "status": "CERTIFIED",
    "block_id": "104",
    "engine_version": "EROS-3.0-BLOCK-104",
    "source_block": "103",
    "header": {
      "title": "EROS 3.0 Institutional Command Center",
      "subtitle": "Read-only governance, execution and reconciliation control view",
      "pipeline": "94 -> 103"
    },
    "status_cards": {
      "governance": "APPROVED",
      "intent": "CERTIFIED",
      "execution": "SIMULATED",
      "reconciliation": "CERTIFIED"
    },
    "pipeline": [
      {
        "block_id": "94",
        "name": "Stress Scenario Engine",
        "status": "CERTIFIED",
        "identifier": null,
        "source_block": null,
        "execution_blocked": true
      },
      {
        "block_id": "95",
        "name": "Stress Evidence Gate",
        "status": "CERTIFIED",
        "identifier": null,
        "source_block": null,
        "execution_blocked": true
      },
      {
        "block_id": "96",
        "name": "Stress Decision Gate",
        "status": "CERTIFIED",
        "identifier": null,
        "source_block": null,
        "execution_blocked": true
      },
      {
        "block_id": "97",
        "name": "Stress Readiness Gate",
        "status": "CERTIFIED",
        "identifier": null,
        "source_block": null,
        "execution_blocked": true
      },
      {
        "block_id": "98",
        "name": "Execution Governance Bridge",
        "status": "APPROVED",
        "identifier": null,
        "source_block": null,
        "execution_blocked": true
      },
      {
        "block_id": "99",
        "name": "Execution Intent Authorization",
        "status": "CERTIFIED",
        "identifier": null,
        "source_block": null,
        "execution_blocked": true
      },
      {
        "block_id": "100",
        "name": "Paper Execution / Fill Validation",
        "status": "CERTIFIED",
        "identifier": null,
        "source_block": null,
        "execution_blocked": true
      },
      {
        "block_id": "101",
        "name": "Execution Evidence Reconciliation",
        "status": "CERTIFIED",
        "identifier": null,
        "source_block": null,
        "execution_blocked": true
      }
    ],
    "risk": {
      "stress_status": "CERTIFIED",
      "evidence_status": "CERTIFIED",
      "decision_status": "CERTIFIED",
      "readiness_status": "CERTIFIED",
      "scenario_count": null,
      "downside_pnl": null,
      "upside_pnl": null
    },
    "governance": {
      "status": "APPROVED",
      "governance_id": null,
      "execution_action": null,
      "source_readiness_id": null,
      "source_decision_id": null,
      "source_gate_id": null,
      "source_certificate_id": null
    },
    "intent": {
      "status": "CERTIFIED",
      "intent_id": null,
      "intent_action": null,
      "authorization_status": "AUTHORIZED",
      "symbol": null,
      "action": null,
      "quantity": null,
      "reference_price": null
    },
    "execution": {
      "status": "SIMULATED",
      "execution_id": null,
      "symbol": "RELIANCE.NS",
      "action": "BUY",
      "requested_quantity": 100.0,
      "filled_quantity": 100.0,
      "reference_price": 2500.0,
      "fill_price": 2501.25,
      "fill_status": null,
      "slippage_bps": null,
      "transaction_cost": null,
      "net_value": null
    },
    "reconciliation": {
      "status": "CERTIFIED",
      "reconciliation_id": null,
      "source_execution_id": null,
      "quantity_reconciled": true,
      "price_reconciled": true,
      "value_reconciled": true,
      "cost_reconciled": true,
      "lineage_reconciled": true
    },
    "lineage": {
      "block94": null,
      "block95": null,
      "block96": null,
      "block97": null,
      "block98": null,
      "block99": null,
      "block100": null,
      "block101": null
    },
    "safety": {
      "portfolio_mutation": false,
      "valuation_mutation": false,
      "performance_mutation": false,
      "risk_mutation": false,
      "optimization": false,
      "order_creation": false,
      "broker_submission": false,
      "live_order_submission": false,
      "execution_blocked": true,
      "non_mutation_invariant": true
    },
    "ui_policy": {
      "read_only": true,
      "allow_order_creation": false,
      "allow_broker_submission": false,
      "allow_live_execution": false,
      "allow_portfolio_mutation": false,
      "allow_valuation_mutation": false,
      "allow_performance_mutation": false,
      "allow_risk_mutation": false,
      "allow_optimization": false
    }
  },
  "safety": {
    "read_only": true,
    "allow_order_creation": false,
    "allow_broker_submission": false,
    "allow_live_execution": false,
    "allow_portfolio_mutation": false,
    "allow_valuation_mutation": false,
    "allow_performance_mutation": false,
    "allow_risk_mutation": false,
    "allow_optimization": false,
    "execution_blocked": true,
    "non_mutation_invariant": true
  },
  "lineage": {
    "source_block": "104",
    "integration_block": "106",
    "source_status": "CERTIFIED",
    "source_block_id": "104"
  },
  "integrity": {
    "algorithm": "SHA-256",
    "payload_hash": "9749a9bacc6d49a0ffe3bca917a933f27716ae9b162364fd0e70abcc7cc320fb"
  }
}

==========================================================================
FINAL CONTRACT CHAIN
==========================================================================
BLOCK 102 : CERTIFIED
BLOCK 103 : CERTIFIED
BLOCK 104 : CERTIFIED
BLOCK 106 : VALIDATED

102 -> 103 : PASS
103 -> 104 : PASS
104 -> 106 : PASS

FULL CONTRACT CHAIN : PASS
FULL SAFETY CHAIN   : PASS

BROKER SUBMISSION : FALSE
LIVE EXECUTION    : FALSE
ORDER CREATION    : FALSE
MUTATION          : FALSE
EXECUTION BLOCKED : TRUE
READ ONLY         : TRUE

==========================================================================
EROS 3.0 - BLOCK 106 REAL CONTRACT CHAIN : PASS
==========================================================================
