**********************
Windows PowerShell transcript start
Start time: 20260816192717
Username: DESKTOP-LE24ARK\Ramchandra Murthy
RunAs User: DESKTOP-LE24ARK\Ramchandra Murthy
Configuration Name: 
Machine: DESKTOP-LE24ARK (Microsoft Windows NT 10.0.19045.0)
Host Application: C:\Windows\System32\WindowsPowerShell\v1.0\powershell.exe
Process ID: 7008
PSVersion: 5.1.19041.6456
PSEdition: Desktop
PSCompatibleVersions: 1.0, 2.0, 3.0, 4.0, 5.0, 5.1.19041.6456
BuildVersion: 10.0.19041.6456
CLRVersion: 4.0.30319.42000
WSManStackVersion: 3.0
PSRemotingProtocolVersion: 2.3
SerializationVersion: 1.1.0.1
**********************

==================================================
EROS 3.0 - BLOCK 69A TO 69M
PAPER EXECUTION / FILL SIMULATION / TCA ENGINE
SIMULATION ONLY - NO LIVE ORDERS
==================================================

TRANSCRIPT:
.\eros_logs\EROS_69_20260816_192717.log

==================================================
69A - PAPER EXECUTION ENGINE SOURCE
==================================================
paper_execution.py not found.
Creating paper execution engine...
PAPER EXECUTION ENGINE CREATED.
69A: PASS

==================================================
69B - PAPER EXECUTION ENGINE IMPORT
==================================================
ENGINE: EROSPaperExecutionEngine
VERSION: EROS-3.0-BLOCK-69
IMPORT: PASS
69B: PASS

==================================================
69C - BASIC BUY PAPER FILL
==================================================
{'symbol': 'RELIANCE.NS', 'action': 'BUY', 'requested_quantity': 10.0, 'filled_quantity': 10.0, 'reference_price': 1310.
0, 'fill_price': 1310.655, 'gross_value': 13106.55, 'slippage_value': 6.55, 'slippage_bps': 5.0, 'transaction_cost': 13.
10655, 'net_value': 13119.65655, 'fill_status': 'FILLED', 'broker_submission': False, 'engine_version': 'EROS-3.0-BLOCK-
69'}
69C: PASS
69C: PASS

==================================================
69D - SELL PAPER FILL
==================================================
{'symbol': 'TCS.NS', 'action': 'SELL', 'requested_quantity': 5.0, 'filled_quantity': 5.0, 'reference_price': 2361.0, 'fi
ll_price': 2359.8195, 'gross_value': 11799.0975, 'slippage_value': 5.9025, 'slippage_bps': 5.0, 'transaction_cost': 11.7
99098, 'net_value': 11787.298402, 'fill_status': 'FILLED', 'broker_submission': False, 'engine_version': 'EROS-3.0-BLOCK
-69'}
69D: PASS
69D: PASS

==================================================
69E - PARTIAL FILL SIMULATION
==================================================
{'symbol': 'INFY.NS', 'action': 'BUY', 'requested_quantity': 100.0, 'filled_quantity': 50.0, 'reference_price': 1169.2,
'fill_price': 1169.7846, 'gross_value': 58489.23, 'slippage_value': 29.23, 'slippage_bps': 5.0, 'transaction_cost': 58.4
8923, 'net_value': 58547.71923, 'fill_status': 'PARTIAL', 'broker_submission': False, 'engine_version': 'EROS-3.0-BLOCK-
69'}
69E: PASS
69E: PASS

==================================================
69F - HOLD / NO FILL CONTRACT
==================================================
{'symbol': 'HDFCBANK.NS', 'action': 'HOLD', 'requested_quantity': 0.0, 'filled_quantity': 0.0, 'reference_price': 727.0,
 'fill_price': 0.0, 'gross_value': 0.0, 'slippage_value': 0.0, 'slippage_bps': 0.0, 'transaction_cost': 0.0, 'net_value'
: 0.0, 'fill_status': 'HOLD_NO_FILL', 'broker_submission': False, 'engine_version': 'EROS-3.0-BLOCK-69'}
69F: PASS
69F: PASS

==================================================
69G - INVALID ORDER SAFETY
==================================================
BAD1: {'symbol': 'RELIANCE.NS', 'action': 'BUY', 'requested_quantity': 0.0, 'filled_quantity': 0.0, 'reference_price': 1
310.0, 'fill_price': 0.0, 'gross_value': 0.0, 'slippage_value': 0.0, 'slippage_bps': 0.0, 'transaction_cost': 0.0, 'net_
value': 0.0, 'fill_status': 'BLOCKED_INVALID_QUANTITY', 'broker_submission': False, 'engine_version': 'EROS-3.0-BLOCK-69
'}
BAD2: {'symbol': 'TCS.NS', 'action': 'BUY', 'requested_quantity': 10.0, 'filled_quantity': 0.0, 'reference_price': 0.0,
'fill_price': 0.0, 'gross_value': 0.0, 'slippage_value': 0.0, 'slippage_bps': 0.0, 'transaction_cost': 0.0, 'net_value':
 0.0, 'fill_status': 'BLOCKED_INVALID_PRICE', 'broker_submission': False, 'engine_version': 'EROS-3.0-BLOCK-69'}
BAD3: {'symbol': 'INFY.NS', 'action': 'BUY', 'requested_quantity': 10.0, 'filled_quantity': 0.0, 'reference_price': 1169
.0, 'fill_price': 0.0, 'gross_value': 0.0, 'slippage_value': 0.0, 'slippage_bps': 0.0, 'transaction_cost': 0.0, 'net_val
ue': 0.0, 'fill_status': 'BLOCKED_EXECUTION_NOT_ALLOWED', 'broker_submission': False, 'engine_version': 'EROS-3.0-BLOCK-
69'}
69G: PASS
69G: PASS

==================================================
69H - SLIPPAGE / TRANSACTION COST
==================================================
{'symbol': 'RELIANCE.NS', 'action': 'BUY', 'requested_quantity': 10.0, 'filled_quantity': 10.0, 'reference_price': 1000.
0, 'fill_price': 1001.0, 'gross_value': 10010.0, 'slippage_value': 10.0, 'slippage_bps': 10.0, 'transaction_cost': 20.02
, 'net_value': 10030.02, 'fill_status': 'FILLED', 'broker_submission': False, 'engine_version': 'EROS-3.0-BLOCK-69'}
69H: PASS
69H: PASS

==================================================
69I - FOUR-STOCK PORTFOLIO PAPER EXECUTION
==================================================
{'engine_version': 'EROS-3.0-BLOCK-69', 'status': 'SUCCESS', 'broker_submission': False, 'execution_mode': 'PAPER', 'int
ent_count': 4, 'filled_count': 4, 'partial_count': 0, 'blocked_count': 0, 'hold_count': 0, 'total_gross_value': 5569.983
6, 'total_slippage_value': 2.7836, 'average_slippage_bps': 5.0, 'total_transaction_cost': 5.569985, 'total_net_value': 5
575.553585, 'fills': [{'symbol': 'HDFCBANK.NS', 'action': 'BUY', 'requested_quantity': 1.0, 'filled_quantity': 1.0, 'ref
erence_price': 727.0, 'fill_price': 727.3635, 'gross_value': 727.3635, 'slippage_value': 0.3635, 'slippage_bps': 5.0, 't
ransaction_cost': 0.727364, 'net_value': 728.090864, 'fill_status': 'FILLED', 'broker_submission': False, 'engine_versio
n': 'EROS-3.0-BLOCK-69'}, {'symbol': 'INFY.NS', 'action': 'BUY', 'requested_quantity': 1.0, 'filled_quantity': 1.0, 'ref
erence_price': 1169.2, 'fill_price': 1169.7846, 'gross_value': 1169.7846, 'slippage_value': 0.5846, 'slippage_bps': 5.0,
 'transaction_cost': 1.169785, 'net_value': 1170.954385, 'fill_status': 'FILLED', 'broker_submission': False, 'engine_ve
rsion': 'EROS-3.0-BLOCK-69'}, {'symbol': 'RELIANCE.NS', 'action': 'BUY', 'requested_quantity': 1.0, 'filled_quantity': 1
.0, 'reference_price': 1310.0, 'fill_price': 1310.655, 'gross_value': 1310.655, 'slippage_value': 0.655, 'slippage_bps':
 5.0, 'transaction_cost': 1.310655, 'net_value': 1311.965655, 'fill_status': 'FILLED', 'broker_submission': False, 'engi
ne_version': 'EROS-3.0-BLOCK-69'}, {'symbol': 'TCS.NS', 'action': 'BUY', 'requested_quantity': 1.0, 'filled_quantity': 1
.0, 'reference_price': 2361.0, 'fill_price': 2362.1805, 'gross_value': 2362.1805, 'slippage_value': 1.1805, 'slippage_bp
s': 5.0, 'transaction_cost': 2.362181, 'net_value': 2364.542681, 'fill_status': 'FILLED', 'broker_submission': False, 'e
ngine_version': 'EROS-3.0-BLOCK-69'}]}
69I: PASS
69I: PASS

==================================================
69J - TCA REPORT
==================================================
EXECUTION: {'engine_version': 'EROS-3.0-BLOCK-69', 'status': 'SUCCESS', 'broker_submission': False, 'execution_mode': 'P
APER', 'intent_count': 4, 'filled_count': 4, 'partial_count': 0, 'blocked_count': 0, 'hold_count': 0, 'total_gross_value
': 55699.836, 'total_slippage_value': 27.836, 'average_slippage_bps': 5.0, 'total_transaction_cost': 55.699836, 'total_n
et_value': 55755.535836, 'fills': [{'symbol': 'HDFCBANK.NS', 'action': 'BUY', 'requested_quantity': 10.0, 'filled_quanti
ty': 10.0, 'reference_price': 727.0, 'fill_price': 727.3635, 'gross_value': 7273.635, 'slippage_value': 3.635, 'slippage
_bps': 5.0, 'transaction_cost': 7.273635, 'net_value': 7280.908635, 'fill_status': 'FILLED', 'broker_submission': False,
 'engine_version': 'EROS-3.0-BLOCK-69'}, {'symbol': 'INFY.NS', 'action': 'BUY', 'requested_quantity': 10.0, 'filled_quan
tity': 10.0, 'reference_price': 1169.2, 'fill_price': 1169.7846, 'gross_value': 11697.846, 'slippage_value': 5.846, 'sli
ppage_bps': 5.0, 'transaction_cost': 11.697846, 'net_value': 11709.543846, 'fill_status': 'FILLED', 'broker_submission':
 False, 'engine_version': 'EROS-3.0-BLOCK-69'}, {'symbol': 'RELIANCE.NS', 'action': 'BUY', 'requested_quantity': 10.0, '
filled_quantity': 10.0, 'reference_price': 1310.0, 'fill_price': 1310.655, 'gross_value': 13106.55, 'slippage_value': 6.
55, 'slippage_bps': 5.0, 'transaction_cost': 13.10655, 'net_value': 13119.65655, 'fill_status': 'FILLED', 'broker_submis
sion': False, 'engine_version': 'EROS-3.0-BLOCK-69'}, {'symbol': 'TCS.NS', 'action': 'BUY', 'requested_quantity': 10.0,
'filled_quantity': 10.0, 'reference_price': 2361.0, 'fill_price': 2362.1805, 'gross_value': 23621.805, 'slippage_value':
 11.805, 'slippage_bps': 5.0, 'transaction_cost': 23.621805, 'net_value': 23645.426805, 'fill_status': 'FILLED', 'broker
_submission': False, 'engine_version': 'EROS-3.0-BLOCK-69'}]}
TCA: {'engine_version': 'EROS-3.0-BLOCK-69', 'status': 'SUCCESS', 'execution_mode': 'PAPER', 'broker_submission': False,
 'requested_quantity': 40.0, 'filled_quantity': 40.0, 'fill_rate': 1.0, 'executed_orders': 4, 'total_slippage': 27.836,
'total_transaction_cost': 55.699836, 'total_execution_cost': 83.535836, 'executed_value': 55699.836}
69J: PASS
69J: PASS

==================================================
69K - MIXED FILLS / BLOCKS / HOLD
==================================================
EXECUTION: {'engine_version': 'EROS-3.0-BLOCK-69', 'status': 'SUCCESS', 'broker_submission': False, 'execution_mode': 'P
APER', 'intent_count': 4, 'filled_count': 1, 'partial_count': 1, 'blocked_count': 1, 'hold_count': 1, 'total_gross_value
': 183641.775, 'total_slippage_value': 91.775, 'average_slippage_bps': 5.0, 'total_transaction_cost': 183.641775, 'total
_net_value': 183825.416775, 'fills': [{'symbol': 'RELIANCE.NS', 'action': 'BUY', 'requested_quantity': 100.0, 'filled_qu
antity': 50.0, 'reference_price': 1310.0, 'fill_price': 1310.655, 'gross_value': 65532.75, 'slippage_value': 32.75, 'sli
ppage_bps': 5.0, 'transaction_cost': 65.53275, 'net_value': 65598.28275, 'fill_status': 'PARTIAL', 'broker_submission':
False, 'engine_version': 'EROS-3.0-BLOCK-69'}, {'symbol': 'TCS.NS', 'action': 'BUY', 'requested_quantity': 50.0, 'filled
_quantity': 50.0, 'reference_price': 2361.0, 'fill_price': 2362.1805, 'gross_value': 118109.025, 'slippage_value': 59.02
5, 'slippage_bps': 5.0, 'transaction_cost': 118.109025, 'net_value': 118227.134025, 'fill_status': 'FILLED', 'broker_sub
mission': False, 'engine_version': 'EROS-3.0-BLOCK-69'}, {'symbol': 'INFY.NS', 'action': 'HOLD', 'requested_quantity': 0
.0, 'filled_quantity': 0.0, 'reference_price': 1169.2, 'fill_price': 0.0, 'gross_value': 0.0, 'slippage_value': 0.0, 'sl
ippage_bps': 0.0, 'transaction_cost': 0.0, 'net_value': 0.0, 'fill_status': 'HOLD_NO_FILL', 'broker_submission': False,
'engine_version': 'EROS-3.0-BLOCK-69'}, {'symbol': 'HDFCBANK.NS', 'action': 'BUY', 'requested_quantity': 10.0, 'filled_q
uantity': 0.0, 'reference_price': 0.0, 'fill_price': 0.0, 'gross_value': 0.0, 'slippage_value': 0.0, 'slippage_bps': 0.0
, 'transaction_cost': 0.0, 'net_value': 0.0, 'fill_status': 'BLOCKED_INVALID_PRICE', 'broker_submission': False, 'engine
_version': 'EROS-3.0-BLOCK-69'}]}
TCA: {'engine_version': 'EROS-3.0-BLOCK-69', 'status': 'SUCCESS', 'execution_mode': 'PAPER', 'broker_submission': False,
 'requested_quantity': 160.0, 'filled_quantity': 100.0, 'fill_rate': 0.625, 'executed_orders': 2, 'total_slippage': 91.7
75, 'total_transaction_cost': 183.641775, 'total_execution_cost': 275.416775, 'executed_value': 183641.775}
69K: PASS
69K: PASS

==================================================
69L - FULL INFRASTRUCTURE REGRESSION
==================================================

QUANTITATIVE COMPILE: PASS

SERVICES COMPILE: PASS

BACKEND COMPILE: PASS

69L API HEALTH
{
    "status":  "healthy",
    "version":  "3.0",
    "environment":  "production"
}
API HEALTH: PASS

69L API READY
{
    "status":  "ready",
    "database":  "connected",
    "redis":  "connected"
}
API READY: PASS

69L REDIS
PONG
REDIS: PASS

69L CELERY
TYPE: Celery
PING: {'celery@DESKTOP-LE24ARK': {'ok': 'pong'}}
CELERY: PASS
CELERY: PASS

69L GIT DIFF CHECK

DIFF CHECK: PASS

==================================================
69M - FINAL PAPER EXECUTION CERTIFICATION
==================================================
69A: PASS
69B: PASS
69C: PASS
69D: PASS
69E: PASS
69F: PASS
69G: PASS
69H: PASS
69I: PASS
69J: PASS
69K: PASS
69L: PASS
69M: PASS

EROS 3.0 BLOCK 69: CERTIFICATION PASS

69M GIT STATUS
?? eros_logs/ ?? services/quantitative/

69M HEAD
84549bb Repair live execution pricing and report contracts

==================================================
OUTPUT PERMANENTLY SAVED
==================================================

TRANSCRIPT:
.\eros_logs\EROS_69_20260816_192717.log

RESULT:
.\eros_logs\EROS_69_20260816_192717_RESULT.txt
**********************
Windows PowerShell transcript end
End time: 20260816192723
**********************
