**********************
Windows PowerShell transcript start
Start time: 20260816185706
Username: DESKTOP-LE24ARK\Ramchandra Murthy
RunAs User: DESKTOP-LE24ARK\Ramchandra Murthy
Configuration Name: 
Machine: DESKTOP-LE24ARK (Microsoft Windows NT 10.0.19045.0)
Host Application: C:\Windows\System32\WindowsPowerShell\v1.0\powershell.exe
Process ID: 9240
PSVersion: 5.1.19041.6456
PSEdition: Desktop
PSCompatibleVersions: 1.0, 2.0, 3.0, 4.0, 5.0, 5.1.19041.6456
BuildVersion: 10.0.19041.6456
CLRVersion: 4.0.30319.42000
WSManStackVersion: 3.0
PSRemotingProtocolVersion: 2.3
SerializationVersion: 1.1.0.1
**********************

==================================================
EROS 3.0 - BLOCK 64A TO 64M
PORTFOLIO OPTIMIZER INSPECTION + CERTIFICATION
SAFE EXECUTION MODE
NO SOURCE CHANGES
NO COMMIT
==================================================

TRANSCRIPT:
.\eros_logs\EROS_64_20260816_185706.log

RESULT FILE:
.\eros_logs\EROS_64_20260816_185706_RESULT.txt

==================================================
64A - PORTFOLIO OPTIMIZER FILE INSPECTION
==================================================


FullName      : D:\Users\User\Desktop\AI_STOCK_ANALYZER\services\quantitative\portfolio_optimizer.py
Length        : 7705
LastWriteTime : 16-08-2026 06:24:01 PM




64A: PASS

==================================================
64B - PORTFOLIO OPTIMIZER SOURCE
==================================================
from __future__ import annotations

import logging
from typing import Any, Dict, List, Optional

logger = logging.getLogger("eros.quantitative.portfolio_optimizer")


class EROSPortfolioOptimizer:
    """
    Deterministic institutional portfolio allocation engine.

    Consumes certified EROS batch screener results and converts
    target weights into a normalized portfolio allocation.

    The optimizer does not fetch market data and does not modify
    the existing market-data or decision pipeline.
    """

    def __init__(
        self,
        policy_profile: str = "Institutional",
        max_position_weight: float = 0.25,
        min_position_weight: float = 0.0,
        target_total_weight: float = 1.0,
    ) -> None:

        if not 0.0 <= min_position_weight <= 1.0:
            raise ValueError("min_position_weight must be between 0 and 1")

        if not 0.0 < max_position_weight <= 1.0:
            raise ValueError("max_position_weight must be between 0 and 1")

        if min_position_weight > max_position_weight:
            raise ValueError(
                "min_position_weight cannot exceed max_position_weight"
            )

        if not 0.0 <= target_total_weight <= 1.0:
            raise ValueError(
                "target_total_weight must be between 0 and 1"
            )

        self.policy_profile = policy_profile
        self.max_position_weight = max_position_weight
        self.min_position_weight = min_position_weight
        self.target_total_weight = target_total_weight

    @staticmethod
    def _normalize_symbol(symbol: Any) -> str:
        return str(symbol).strip().upper()

    @staticmethod
    def _valid_number(value: Any) -> bool:
        try:
            number = float(value)
            return number == number and number >= 0.0
        except (TypeError, ValueError):
            return False

    def _extract_candidates(
        self,
        screening_results: List[Dict[str, Any]],
    ) -> List[Dict[str, Any]]:

        candidates: List[Dict[str, Any]] = []
        seen = set()

        for item in screening_results:

            if not isinstance(item, dict):
                continue

            symbol = self._normalize_symbol(item.get("symbol", ""))

            if not symbol or symbol in seen:
                continue

            seen.add(symbol)

            if item.get("status") != "SUCCESS":
                continue

            raw_weight = item.get("target_weight", 0.0)

            if not self._valid_number(raw_weight):
                continue

            raw_weight = float(raw_weight)

            if raw_weight <= 0.0:
                continue

            candidates.append(
                {
                    "symbol": symbol,
                    "raw_weight": raw_weight,
                    "confidence": float(
                        item.get("confidence", 0.0) or 0.0
                    ),
                    "final_action": item.get(
                        "final_action",
                        "HOLD",
                    ),
                    "price": item.get("price"),
                    "source": item.get("source"),
                    "is_stale": bool(
                        item.get("is_stale", False)
                    ),
                }
            )

        return candidates

    def optimize(
        self,
        screening_results: List[Dict[str, Any]],
    ) -> List[Dict[str, Any]]:

        if screening_results is None:
            return []

        if not isinstance(screening_results, list):
            raise TypeError(
                "screening_results must be a list"
            )

        candidates = self._extract_candidates(
            screening_results
        )

        if not candidates:
            return []

        raw_total = sum(
            item["raw_weight"]
            for item in candidates
        )

        if raw_total <= 0.0:
            return []

        target_total = self.target_total_weight

        weights = {
            item["symbol"]: (
                item["raw_weight"] / raw_total
            ) * target_total
            for item in candidates
        }

        for _ in range(len(weights) + 2):

            capped = {
                symbol: weight
                for symbol, weight in weights.items()
                if weight > self.max_position_weight
            }

            if not capped:
                break

            excess = sum(
                weight - self.max_position_weight
                for weight in capped.values()
            )

            for symbol in capped:
                weights[symbol] = self.max_position_weight

            eligible = [
                symbol
                for symbol, weight in weights.items()
                if weight < self.max_position_weight
            ]

            if not eligible or excess <= 0:
                break

            eligible_total = sum(
                weights[symbol]
                for symbol in eligible
            )

            if eligible_total <= 0:
                break

            for symbol in eligible:
                share = (
                    weights[symbol]
                    / eligible_total
                )

                weights[symbol] += excess * share

        if self.min_position_weight > 0.0:

            eligible_symbols = list(weights.keys())

            if (
                len(eligible_symbols)
                * self.min_position_weight
                <= target_total
            ):

                for symbol in eligible_symbols:
                    if (
                        0.0 < weights[symbol]
                        < self.min_position_weight
                    ):
                        weights[symbol] = (
                            self.min_position_weight
                        )

                current_total = sum(weights.values())

                if current_total > target_total:
                    scale = (
                        target_total
                        / current_total
                    )

                    for symbol in weights:
                        weights[symbol] *= scale

        results: List[Dict[str, Any]] = []

        for item in candidates:

            symbol = item["symbol"]
            optimized_weight = float(
                weights.get(symbol, 0.0)
            )

            results.append(
                {
                    "symbol": symbol,
                    "status": "SUCCESS",
                    "raw_weight": item["raw_weight"],
                    "optimized_weight": optimized_weight,
                    "allocation_pct": (
                        optimized_weight * 100.0
                    ),
                    "confidence": item["confidence"],
                    "final_action": item["final_action"],
                    "price": item["price"],
                    "source": item["source"],
                    "is_stale": item["is_stale"],
                }
            )

        results.sort(
            key=lambda item: item["symbol"]
        )

        return results

    def summarize(
        self,
        optimized_results: List[Dict[str, Any]],
    ) -> Dict[str, Any]:

        total_weight = sum(
            float(item.get("optimized_weight", 0.0))
            for item in optimized_results
        )

        return {
            "policy_profile": self.policy_profile,
            "security_count": len(optimized_results),
            "total_weight": total_weight,
            "cash_weight": max(
                0.0,
                1.0 - total_weight,
            ),
            "status": "SUCCESS",
        }


__all__ = [
    "EROSPortfolioOptimizer",
]

64B: PASS - SOURCE READ COMPLETE

==================================================
64C - PORTFOLIO OPTIMIZER IMPORT
==================================================
MODULE: services.quantitative.portfolio_optimizer
EXPORTS: ['Any', 'Dict', 'EROSPortfolioOptimizer', 'List', 'Optional', 'annotations', 'logger', 'logging']
64C: PASS
64C: PASS

==================================================
64D - PUBLIC API DISCOVERY
==================================================
CLASSES:
  EROSPortfolioOptimizer
FUNCTIONS:
64D: PASS
64D: PASS

==================================================
64E - BATCH SCREENER INTEGRATION
==================================================
COUNT: 4
SUCCESS: 4
ERRORS: 0
{'symbol': 'HDFCBANK.NS', 'status': 'SUCCESS', 'price': 727.0, 'source': 'yfinance-live-api', 'is_stale': False, 'final_
action': 'BUY', 'confidence': 0.66, 'target_weight': 0.084}
{'symbol': 'INFY.NS', 'status': 'SUCCESS', 'price': 1169.199951171875, 'source': 'yfinance-live-api', 'is_stale': False,
 'final_action': 'BUY', 'confidence': 0.66, 'target_weight': 0.084}
{'symbol': 'RELIANCE.NS', 'status': 'SUCCESS', 'price': 1310.0, 'source': 'yfinance-live-api', 'is_stale': False, 'final
_action': 'BUY', 'confidence': 0.66, 'target_weight': 0.084}
{'symbol': 'TCS.NS', 'status': 'SUCCESS', 'price': 2361.0, 'source': 'yfinance-live-api', 'is_stale': False, 'final_acti
on': 'BUY', 'confidence': 0.66, 'target_weight': 0.084}
64E: PASS
64E: PASS

==================================================
64F - TARGET WEIGHT VALIDATION
==================================================
WEIGHTS: {'HDFCBANK.NS': 0.084, 'INFY.NS': 0.084, 'RELIANCE.NS': 0.084, 'TCS.NS': 0.084}
TOTAL: 0.336
64F: PASS
64F: PASS

==================================================
64G - PORTFOLIO NORMALIZATION
==================================================
RAW TOTAL: 0.336
NORMALIZED: {'RELIANCE.NS': 0.25, 'TCS.NS': 0.25, 'INFY.NS': 0.25, 'HDFCBANK.NS': 0.25}
NORMALIZED TOTAL: 1.0
64G: PASS
64G: PASS

==================================================
64H - ALLOCATION BOUNDARY TESTS
==================================================
CASE: {'A': 0.0, 'B': 0.0} TOTAL: 0.0
CASE: {'A': 1.0} TOTAL: 1.0
CASE: {'A': 0.25, 'B': 0.25, 'C': 0.25, 'D': 0.25} TOTAL: 1.0
ZERO: PASS
FULL: PASS
EQUAL: PASS
64H: PASS
64H: PASS

==================================================
64I - INVALID ALLOCATION TESTS
==================================================
CASE: {'A': -0.1, 'B': 0.5} TOTAL: 0.4 VALID: False
CASE: {'A': 1.1} TOTAL: 1.1 VALID: False
CASE: {'A': 0.6, 'B': 0.6} TOTAL: 1.2 VALID: False
NEGATIVE: PASS
OVER 100%: PASS
TOTAL OVER 100%: PASS
64I: PASS
64I: PASS

==================================================
64J - EMPTY / DUPLICATE CONTRACT
==================================================
EMPTY: []
DEDUP: ['RELIANCE.NS', 'TCS.NS']
64J: PASS
64J: PASS

==================================================
64K - API + REDIS + CELERY REGRESSION
==================================================
HEALTH: healthy
READY: ready
DATABASE: connected
REDIS: connected
PONG
CELERY: {'celery@DESKTOP-LE24ARK': {'ok': 'pong'}}
64K: PASS

==================================================
64L - FULL COMPILE + GIT CERTIFICATION
==================================================

SERVICES COMPILE: PASS

BACKEND COMPILE: PASS

DIFF CHECK: PASS
64L: PASS

==================================================
64M - FINAL PORTFOLIO OPTIMIZER CERTIFICATION
==================================================
64A: PASS
64B: PASS
64C: PASS
64D: PASS
64E: PASS
64F: PASS
64G: PASS
64H: PASS
64I: PASS
64J: PASS
64K: PASS
64L: PASS
64M: PASS

EROS 3.0 BLOCK 64: CERTIFICATION PASS

==================================================
OUTPUT PERMANENTLY SAVED
==================================================

TRANSCRIPT:
.\eros_logs\EROS_64_20260816_185706.log

RESULT:
.\eros_logs\EROS_64_20260816_185706_RESULT.txt
**********************
Windows PowerShell transcript end
End time: 20260816185716
**********************
