**********************
Windows PowerShell transcript start
Start time: 20260816190710
Username: DESKTOP-LE24ARK\Ramchandra Murthy
RunAs User: DESKTOP-LE24ARK\Ramchandra Murthy
Configuration Name: 
Machine: DESKTOP-LE24ARK (Microsoft Windows NT 10.0.19045.0)
Host Application: C:\Windows\System32\WindowsPowerShell\v1.0\powershell.exe
Process ID: 9240
PSVersion: 5.1.19041.6456
PSEdition: Desktop
PSCompatibleVersions: 1.0, 2.0, 3.0, 4.0, 5.0, 5.1.19041.6456
BuildVersion: 10.0.19041.6456
CLRVersion: 4.0.30319.42000
WSManStackVersion: 3.0
PSRemotingProtocolVersion: 2.3
SerializationVersion: 1.1.0.1
**********************

==================================================
EROS 3.0 - BLOCK 66A TO 66M
PORTFOLIO RISK & GOVERNANCE ENGINE
DEVELOPMENT + CERTIFICATION
==================================================

TRANSCRIPT:
.\eros_logs\EROS_66_20260816_190710.log

==================================================
66A - PORTFOLIO RISK ENGINE SOURCE
==================================================
portfolio_risk.py not found.
Creating certified baseline risk engine...
RISK ENGINE CREATED.
66A: PASS

==================================================
66B - RISK ENGINE IMPORT
==================================================
ENGINE: EROSPortfolioRiskEngine
POLICY: Institutional
LIMITS: PortfolioRiskLimits(max_position_weight=0.25, max_top3_weight=0.75, max_hhi=0.25, max_stale_positions=0, max_err
or_positions=0, min_cash_weight=0.0)
66B: PASS
66B: PASS

==================================================
66C - EMPTY PORTFOLIO CONTRACT
==================================================
{'policy_profile': 'Institutional', 'governance': 'REVIEW', 'risk_score': 0.0, 'metrics': {'security_count': 0, 'total_w
eight': 0.0, 'cash_weight': 1.0, 'max_position_weight': 0.0, 'top3_weight': 0.0, 'hhi': 0.0, 'stale_positions': 0, 'erro
r_positions': 0, 'negative_positions': 0, 'overweight_positions': 0}, 'blocking_reasons': [], 'review_reasons': ['UNALLO
CATED_CASH', 'EMPTY_PORTFOLIO'], 'status': 'SUCCESS'}
66C: PASS
66C: PASS

==================================================
66D - REAL FOUR-STOCK PORTFOLIO RISK
==================================================
PORTFOLIO: [{'symbol': 'HDFCBANK.NS', 'status': 'SUCCESS', 'raw_weight': 0.084, 'optimized_weight': 0.25, 'allocation_pc
t': 25.0, 'confidence': 0.66, 'final_action': 'BUY', 'price': 727.0, 'source': 'yfinance-live-api', 'is_stale': False},
{'symbol': 'INFY.NS', 'status': 'SUCCESS', 'raw_weight': 0.084, 'optimized_weight': 0.25, 'allocation_pct': 25.0, 'confi
dence': 0.66, 'final_action': 'BUY', 'price': 1169.199951171875, 'source': 'yfinance-live-api', 'is_stale': False}, {'sy
mbol': 'RELIANCE.NS', 'status': 'SUCCESS', 'raw_weight': 0.084, 'optimized_weight': 0.25, 'allocation_pct': 25.0, 'confi
dence': 0.66, 'final_action': 'BUY', 'price': 1310.0, 'source': 'yfinance-live-api', 'is_stale': False}, {'symbol': 'TCS
.NS', 'status': 'SUCCESS', 'raw_weight': 0.084, 'optimized_weight': 0.25, 'allocation_pct': 25.0, 'confidence': 0.66, 'f
inal_action': 'BUY', 'price': 2361.0, 'source': 'yfinance-live-api', 'is_stale': False}]
RISK: {'policy_profile': 'Institutional', 'governance': 'PASS', 'risk_score': 35.0, 'metrics': {'security_count': 4, 'to
tal_weight': 1.0, 'cash_weight': 0.0, 'max_position_weight': 0.25, 'top3_weight': 0.75, 'hhi': 0.25, 'stale_positions':
0, 'error_positions': 0, 'negative_positions': 0, 'overweight_positions': 0}, 'blocking_reasons': [], 'review_reasons':
[], 'status': 'SUCCESS'}
66D: PASS
66D: PASS

==================================================
66E - CONCENTRATION RISK
==================================================
{'policy_profile': 'Institutional', 'governance': 'PASS', 'risk_score': 35.0, 'metrics': {'security_count': 4, 'total_we
ight': 1.0, 'cash_weight': 0.0, 'max_position_weight': 0.25, 'top3_weight': 0.75, 'hhi': 0.25, 'stale_positions': 0, 'er
ror_positions': 0, 'negative_positions': 0, 'overweight_positions': 0}, 'blocking_reasons': [], 'review_reasons': [], 's
tatus': 'SUCCESS'}
66E: PASS
66E: PASS

==================================================
66F - POSITION LIMIT BREACH
==================================================
{'policy_profile': 'Institutional', 'governance': 'BLOCK', 'risk_score': 44.0, 'metrics': {'security_count': 4, 'total_w
eight': 1.0, 'cash_weight': 0.0, 'max_position_weight': 0.4, 'top3_weight': 0.8, 'hhi': 0.28, 'stale_positions': 0, 'err
or_positions': 0, 'negative_positions': 0, 'overweight_positions': 1}, 'blocking_reasons': ['POSITION_LIMIT_BREACH'], 'r
eview_reasons': [], 'status': 'SUCCESS'}
66F: PASS
66F: PASS

==================================================
66G - HHI CONCENTRATION BREACH
==================================================
{'policy_profile': 'Institutional', 'governance': 'BLOCK', 'risk_score': 68.0, 'metrics': {'security_count': 4, 'total_w
eight': 1.0, 'cash_weight': 0.0, 'max_position_weight': 0.7, 'top3_weight': 0.8999999999999999, 'hhi': 0.519999999999999
9, 'stale_positions': 0, 'error_positions': 0, 'negative_positions': 0, 'overweight_positions': 0}, 'blocking_reasons':
['CONCENTRATION_HHI_BREACH'], 'review_reasons': [], 'status': 'SUCCESS'}
66G: PASS
66G: PASS

==================================================
66H - STALE DATA GOVERNANCE
==================================================
{'policy_profile': 'Institutional', 'governance': 'BLOCK', 'risk_score': 45.0, 'metrics': {'security_count': 4, 'total_w
eight': 1.0, 'cash_weight': 0.0, 'max_position_weight': 0.25, 'top3_weight': 0.75, 'hhi': 0.25, 'stale_positions': 1, 'e
rror_positions': 0, 'negative_positions': 0, 'overweight_positions': 0}, 'blocking_reasons': ['STALE_DATA'], 'review_rea
sons': [], 'status': 'SUCCESS'}
66H: PASS
66H: PASS

==================================================
66I - TOTAL WEIGHT GOVERNANCE
==================================================
{'policy_profile': 'Institutional', 'governance': 'BLOCK', 'risk_score': 64.0, 'metrics': {'security_count': 2, 'total_w
eight': 1.2, 'cash_weight': 0.0, 'max_position_weight': 0.6, 'top3_weight': 1.2, 'hhi': 0.72, 'stale_positions': 0, 'err
or_positions': 0, 'negative_positions': 0, 'overweight_positions': 2}, 'blocking_reasons': ['POSITION_LIMIT_BREACH', 'CO
NCENTRATION_HHI_BREACH', 'TOP3_CONCENTRATION_BREACH', 'TOTAL_WEIGHT_OVER_100_PERCENT'], 'review_reasons': [], 'status':
'SUCCESS'}
66I: PASS
66I: PASS

==================================================
66J - NEGATIVE POSITION GOVERNANCE
==================================================
{'policy_profile': 'Institutional', 'governance': 'BLOCK', 'risk_score': 45.0, 'metrics': {'security_count': 2, 'total_w
eight': 0.4, 'cash_weight': 0.6, 'max_position_weight': 0.5, 'top3_weight': 0.5, 'hhi': 0.25, 'stale_positions': 0, 'err
or_positions': 0, 'negative_positions': 1, 'overweight_positions': 1}, 'blocking_reasons': ['NEGATIVE_POSITION', 'POSITI
ON_LIMIT_BREACH'], 'review_reasons': ['UNALLOCATED_CASH'], 'status': 'SUCCESS'}
66J: PASS
66J: PASS

==================================================
66K - API + REDIS + CELERY REGRESSION
==================================================
HEALTH: healthy
READY: ready
DATABASE: connected
REDIS: connected
PONG
CELERY: {'celery@DESKTOP-LE24ARK': {'ok': 'pong'}}
66K: PASS

==================================================
66L - FULL COMPILE + GIT CERTIFICATION
==================================================

RISK ENGINE COMPILE: PASS

SERVICES COMPILE: PASS

BACKEND COMPILE: PASS

DIFF CHECK: PASS
66L COMPLETE

==================================================
66M - FINAL PORTFOLIO RISK CERTIFICATION
==================================================
66A: PASS
66B: PASS
66C: PASS
66D: PASS
66E: PASS
66F: PASS
66G: PASS
66H: PASS
66I: PASS
66J: PASS
66K: PASS
66L: PASS
66M: PASS

EROS 3.0 BLOCK 66: CERTIFICATION PASS

==================================================
OUTPUT PERMANENTLY SAVED
==================================================

TRANSCRIPT:
.\eros_logs\EROS_66_20260816_190710.log

RESULT:
.\eros_logs\EROS_66_20260816_190710_RESULT.txt
**********************
Windows PowerShell transcript end
End time: 20260816190717
**********************
